Archive member included because of file (symbol)

d:/hightectricore_entrytoolchain/toolchains/tricore/v4.9.3.0-infineon-1.0/bin/../lib/gcc/tricore/4.9.4/../../../../tricore/lib/tc161/short-double\libos.a(wdtcon.o)
                              bsp/uc/bsp_uc.o (unlock_wdtcon)

Discarded input sections

 wm4.0.b486b1e8eefc945d40dd7a40e1f14546
                0x0000000000000000        0x8 bsp/board/board_appkit_TC2X4_V1.0/board.o
 wm4.0.b486b1e8eefc945d40dd7a40e1f14546
                0x0000000000000000        0x8 bsp/board/board_appkit_TC2X5_V1.0/board.o
 .debug_macro   0x0000000000000000     0x1b16 bsp/board/board_appkit_TC2X5_V1.0/board.o
 wm4.0.b486b1e8eefc945d40dd7a40e1f14546
                0x0000000000000000        0x8 bsp/board/board_appkit_TC2X5_V2.0/board.o
 .debug_macro   0x0000000000000000     0x1b16 bsp/board/board_appkit_TC2X5_V2.0/board.o
 wm4.0.b486b1e8eefc945d40dd7a40e1f14546
                0x0000000000000000        0x8 bsp/board/board_appkit_TC2X7_V1.X/board.o
 .debug_macro   0x0000000000000000     0x1b16 bsp/board/board_appkit_TC2X7_V1.X/board.o
 wm4.0.b486b1e8eefc945d40dd7a40e1f14546
                0x0000000000000000        0x8 bsp/board/board_triboard_TC2X2_V1.0/board.o
 .debug_macro   0x0000000000000000     0x1b16 bsp/board/board_triboard_TC2X2_V1.0/board.o
 wm4.0.b486b1e8eefc945d40dd7a40e1f14546
                0x0000000000000000        0x8 bsp/board/board_triboard_TC2X3_V1.0/board.o
 .debug_macro   0x0000000000000000     0x1b16 bsp/board/board_triboard_TC2X3_V1.0/board.o
 wm4.0.b486b1e8eefc945d40dd7a40e1f14546
                0x0000000000000000        0x8 bsp/board/board_triboard_TC2X3_V1.1/board.o
 .debug_macro   0x0000000000000000     0x1b16 bsp/board/board_triboard_TC2X3_V1.1/board.o
 wm4.0.b486b1e8eefc945d40dd7a40e1f14546
                0x0000000000000000        0x8 bsp/board/board_triboard_TC2X4_TH_V1.0/board.o
 .debug_macro   0x0000000000000000     0x1b16 bsp/board/board_triboard_TC2X4_TH_V1.0/board.o
 wm4.0.b486b1e8eefc945d40dd7a40e1f14546
                0x0000000000000000        0x8 bsp/board/board_triboard_TC2X4_V1.0/board.o
 .debug_macro   0x0000000000000000     0x1b16 bsp/board/board_triboard_TC2X4_V1.0/board.o
 wm4.0.b486b1e8eefc945d40dd7a40e1f14546
                0x0000000000000000        0x8 bsp/board/board_triboard_TC2X4_V2.0/board.o
 .debug_macro   0x0000000000000000     0x1b16 bsp/board/board_triboard_TC2X4_V2.0/board.o
 wm4.0.b486b1e8eefc945d40dd7a40e1f14546
                0x0000000000000000        0x8 bsp/board/board_triboard_TC2X5_V1.0/board.o
 .debug_macro   0x0000000000000000     0x1b16 bsp/board/board_triboard_TC2X5_V1.0/board.o
 wm4.0.b486b1e8eefc945d40dd7a40e1f14546
                0x0000000000000000        0x8 bsp/board/board_triboard_TC2X5_V2.0/board.o
 .debug_macro   0x0000000000000000     0x1b16 bsp/board/board_triboard_TC2X5_V2.0/board.o
 wm4.0.b486b1e8eefc945d40dd7a40e1f14546
                0x0000000000000000        0x8 bsp/board/board_triboard_TC2X7_V1.0/board.o
 wm4.stdint.h.10.90b695f550ca6cc3fb08fa83baf01e05
                0x0000000000000000        0x8 bsp/board/board_triboard_TC2X7_V1.0/board.o
 wm4.bsp_board.h.25.09322bb7b4dd9a61bc059e40736b42c0
                0x0000000000000000        0x8 bsp/board/board_triboard_TC2X7_V1.0/board.o
 wm4.board_spec.h.32.8bfa5bbbd45cfe759e47ed6123482f02
                0x0000000000000000        0x8 bsp/board/board_triboard_TC2X7_V1.0/board.o
 wm4.intrinsics.h.28.762d9a30a5733d2f28822a85f919c11f
                0x0000000000000000        0x8 bsp/board/board_triboard_TC2X7_V1.0/board.o
 wm4.uc_tc27.h.29.fcff99afa5633b5be72b42ef154e0e79
                0x0000000000000000        0x8 bsp/board/board_triboard_TC2X7_V1.0/board.o
 wm4.uc_tc27_spec.h.30.c84a4b8f081cd0cd0c728c59632058d8
                0x0000000000000000        0x8 bsp/board/board_triboard_TC2X7_V1.0/board.o
 wm4.Ifx_TypesReg.h.27.a0265a21b4a33fc908c22e692c7dc04b
                0x0000000000000000        0x8 bsp/board/board_triboard_TC2X7_V1.0/board.o
 wm4.IfxAsclin_reg.h.51.39c8cfece51bb18bf8ca6bf8af55af2c
                0x0000000000000000        0x8 bsp/board/board_triboard_TC2X7_V1.0/board.o
 wm4.IfxCan_reg.h.42.1082071d45d642a51d253c4a33d0bc07
                0x0000000000000000        0x8 bsp/board/board_triboard_TC2X7_V1.0/board.o
 wm4.IfxCcu6_reg.h.45.8673353a5006f91056f268a7b0f2c447
                0x0000000000000000        0x8 bsp/board/board_triboard_TC2X7_V1.0/board.o
 wm4.IfxCif_reg.h.42.520e662410b66ab31e4bbd715c388c84
                0x0000000000000000        0x8 bsp/board/board_triboard_TC2X7_V1.0/board.o
 wm4.IfxCpu_reg.h.60.a87fe5519b726d5973d9b8bbefea77c7
                0x0000000000000000        0x8 bsp/board/board_triboard_TC2X7_V1.0/board.o
 wm4.IfxDma_reg.h.42.feff754ed842eff7eb4a1298409f08ba
                0x0000000000000000        0x8 bsp/board/board_triboard_TC2X7_V1.0/board.o
 wm4.IfxDsadc_reg.h.42.faadb6f3c6b8827f8e72294e87476206
[...]
Memory Configuration

Name             Origin             Length             Used               Free               Attributes
int_flash0       0x0000000080000000 0x0000000000200000         0x000000000000370c         0x00000000001fc8f4 xr
int_flash1       0x0000000080200000 0x0000000000200000         0x0000000000000000         0x0000000000200000 xr
pspr_cpu0        0x0000000070100000 0x0000000000006000         0x0000000000000080         0x0000000000005f80 xr
pspr_cpu1        0x0000000060100000 0x0000000000008000         0x0000000000000080         0x0000000000007f80 xr
pspr_cpu2        0x0000000050100000 0x0000000000008000         0x0000000000000080         0x0000000000007f80 xr
dspr_cpu0        0x0000000070000000 0x000000000001c000         0x0000000000006008         0x0000000000015ff8 w !x
dspr_cpu1        0x0000000060000000 0x000000000001e000         0x0000000000005000         0x0000000000019000 w !x
dspr_cpu2        0x0000000050000000 0x000000000001e000         0x0000000000005000         0x0000000000019000 w !x
periphery_base   0x00000000f0000000 0x0000000000000000         0x0000000000000000         0x0000000000000000
periphery_end    0x00000000ffff0000 0x0000000000000000         0x0000000000000000         0x0000000000000000
lmu              0x00000000b0000000 0x0000000000008000         0x0000000000000000         0x0000000000008000 xw
lmu_cached       0x0000000090000000 0x0000000000008000         0x0000000000000000         0x0000000000008000 xw
bmhd_0           0x00000000a0000000 0x0000000000000020         0x0000000000000020         0x0000000000000000 xr
bmhd_1           0x00000000a0020000 0x0000000000000020         0x0000000000000000         0x0000000000000020 xr
bmhd_2           0x00000000a000ffe0 0x0000000000000020         0x0000000000000000         0x0000000000000020 xr
bmhd_3           0x00000000a001ffe0 0x0000000000000020         0x0000000000000000         0x0000000000000020 xr
*default*        0x0000000000000000 0xffffffffffffffff         0x0000000000010e01         0xfffffffffffef1fe

List of aliases

int_flash0      : RODATA CODE RODATA_CPU2_ CODE_CPU2_ RODATA_CPU1_ CODE_CPU1_ RODATA_CPU0_ CODE_CPU0_ BOOT
pspr_cpu0       : RAMCODE RAMCODE_CPU0_ BSP_ISR_HANDLERS_CPU0_
pspr_cpu1       : RAMCODE_CPU1_ BSP_ISR_HANDLERS_CPU1_
pspr_cpu2       : RAMCODE_CPU2_ BSP_ISR_HANDLERS_CPU2_
dspr_cpu0       : DATA DATA_DSPR_CPU0_
dspr_cpu1       : DATA_DSPR_CPU1_
dspr_cpu2       : DATA_DSPR_CPU2_

Linker script and memory map

LOAD bsp/board/board_appkit_TC2X4_V1.0/board.o
LOAD bsp/board/board_appkit_TC2X5_V1.0/board.o
LOAD bsp/board/board_appkit_TC2X5_V2.0/board.o
LOAD bsp/board/board_appkit_TC2X7_V1.X/board.o
LOAD bsp/board/board_triboard_TC2X2_V1.0/board.o
LOAD bsp/board/board_triboard_TC2X3_V1.0/board.o
LOAD bsp/board/board_triboard_TC2X3_V1.1/board.o
LOAD bsp/board/board_triboard_TC2X4_TH_V1.0/board.o
LOAD bsp/board/board_triboard_TC2X4_V1.0/board.o
LOAD bsp/board/board_triboard_TC2X4_V2.0/board.o
LOAD bsp/board/board_triboard_TC2X5_V1.0/board.o
LOAD bsp/board/board_triboard_TC2X5_V2.0/board.o
LOAD bsp/board/board_triboard_TC2X7_V1.0/board.o
LOAD bsp/board/board_triboard_TC2X8_V1.1/board.o
LOAD bsp/board/board_triboard_TC2X9_V1.1/board.o
LOAD bsp/board/board_triboard_TC2X9_V2.0/board.o
LOAD bsp/board/board_triboard_TC2X9_V2.1/board.o
LOAD bsp/board/bsp_board.o
LOAD bsp/isr/bsp_isr.o
LOAD bsp/isr/bsp_isr_vector_table.o
LOAD bsp/isr/bsp_traps_tc2.o
LOAD bsp/uc/bsp_uc.o
LOAD bsp/uc/uc_tc27/uc_tc27.o
LOAD crt0/tc2x_bmhd.o
LOAD crt0/tc2x_crt0.o
LOAD src/shared_main.o
LOAD d:/hightectricore_entrytoolchain/toolchains/tricore/v4.9.3.0-infineon-1.0/bin/../lib/gcc/tricore/4.9.4/tc161/short-double\libgcc.a
LOAD d:/hightectricore_entrytoolchain/toolchains/tricore/v4.9.3.0-infineon-1.0/bin/../lib/gcc/tricore/4.9.4/../../../../tricore/lib/tc161/short-double\libc.a
LOAD d:/hightectricore_entrytoolchain/toolchains/tricore/v4.9.3.0-infineon-1.0/bin/../lib/gcc/tricore/4.9.4/../../../../tricore/lib/tc161/short-double\libos.a
LOAD d:/hightectricore_entrytoolchain/toolchains/tricore/v4.9.3.0-infineon-1.0/bin/../lib/gcc/tricore/4.9.4/../../../../tricore/lib/tc161/short-double\libm.a
LOAD d:/hightectricore_entrytoolchain/toolchains/tricore/v4.9.3.0-infineon-1.0/bin/../lib/gcc/tricore/4.9.4/../../../../tricore/lib/tc161/short-double\libc.a
LOAD d:/hightectricore_entrytoolchain/toolchains/tricore/v4.9.3.0-infineon-1.0/bin/../lib/gcc/tricore/4.9.4/tc161/short-double\libgcc.a
                0x0000000080000000                INT_FLASH_MEMORY_BASE = 0x80000000
                0x0000000000400000                INT_FLASH_MEMORY_SIZE = 0x400000
                0x0000000000001000                SHARED_STACK_SIZE = 0x1000
                0x0000000000000100                CSA_REGIONS = 0x100
                0x0000000000004000                CSA_SIZE = (CSA_REGIONS * 0x40)
                [0x0000000000001000]                __HEAP_SIZE = DEFINED (__HEAP_SIZE)?__HEAP_SIZE:0x1000

.bmhd_0_org     memory region -> bmhd_0
                0x00000000a0000000       0x20
 *(.bmhd)
 .bmhd          0x00000000a0000000       0x20 crt0/tc2x_bmhd.o

.crt0_boot      memory region -> int_flash0
                0x0000000080000020        0xc
 *(.crt0_boot.code)
 .crt0_boot.code
                0x0000000080000020        0xc crt0/tc2x_crt0.o
                0x0000000080000020                _crt0_reset

.bsp_trap_reset memory region -> int_flash0
                0x0000000080000100      0x254
 *(.bsp_trap_vector_table)
 .bsp_trap_vector_table
                0x0000000080000100      0x100 bsp/isr/bsp_traps_tc2.o
                0x0000000080000100                BSP_TRAP_VECTOR_TABLE
 *(.bsp_trap_handlers)
 .bsp_trap_handlers
                0x0000000080000200      0x154 bsp/isr/bsp_traps_tc2.o
                0x0000000080000200                Trap_0_Handler
                0x000000008000021e                Trap_1_Handler
                0x000000008000026a                Trap_2_Handler
                0x00000000800002ae                Trap_3_Handler
                0x00000000800002fa                Trap_4_Handler
                0x000000008000031e                Trap_5_Handler
                0x000000008000032c                Trap_6_Handler
                0x000000008000033a                Trap_7_Handler

.CPU0.bsp_isr_vector_table memory region -> int_flash0
                0x0000000080000800      0x800
 *(.bsp_isr_vector_table_cpu0)
 .bsp_isr_vector_table_cpu0
                0x0000000080000800      0x800 bsp/isr/bsp_isr_vector_table.o
                0x0000000080000800                BSP_ISR_VECTOR_TABLE_CPU0

.CPU1.bsp_isr_vector_table memory region -> int_flash0
                0x0000000080001000      0x800
 *(.bsp_isr_vector_table_cpu1)
 .bsp_isr_vector_table_cpu1
                0x0000000080001000      0x800 bsp/isr/bsp_isr_vector_table.o
                0x0000000080001000                BSP_ISR_VECTOR_TABLE_CPU1

.CPU2.bsp_isr_vector_table memory region -> int_flash0
                0x0000000080001800      0x800
 *(.bsp_isr_vector_table_cpu2)
 .bsp_isr_vector_table_cpu2
                0x0000000080001800      0x800 bsp/isr/bsp_isr_vector_table.o
                0x0000000080001800                BSP_ISR_VECTOR_TABLE_CPU2

.CPU0.bsp_isr_ram_table memory region -> pspr_cpu0
                0x0000000070100000       0x80
 *(.BspIsrRamTable_Cpu0)
 .BspIsrRamTable_Cpu0
                0x0000000070100000       0x80 bsp/isr/bsp_isr.o
                0x0000000070100000                BspIsrRamTable_Cpu0

.CPU1.bsp_isr_ram_table memory region -> pspr_cpu1
                0x0000000060100000       0x80
 *(.BspIsrRamTable_Cpu1)
 .BspIsrRamTable_Cpu1
                0x0000000060100000       0x80 bsp/isr/bsp_isr.o
                0x0000000060100000                BspIsrRamTable_Cpu1

.CPU2.bsp_isr_ram_table memory region -> pspr_cpu2
                0x0000000050100000       0x80
 *(.BspIsrRamTable_Cpu2)
 .BspIsrRamTable_Cpu2
                0x0000000050100000       0x80 bsp/isr/bsp_isr.o
                0x0000000050100000                BspIsrRamTable_Cpu2

.CPU0.csa       memory region -> dspr_cpu0
                0x0000000070000000     0x4000
                0x0000000070000000                . = ALIGN (0x40)
                0x0000000070000000                __CSA_BASE_CPU0_ = .
                0x0000000070004000                . = (. + CSA_SIZE)
 *fill*         0x0000000070000000     0x4000 00

.CPU1.csa       memory region -> dspr_cpu1
                0x0000000060000000     0x4000
                0x0000000060000000                . = ALIGN (0x40)
                0x0000000060000000                __CSA_BASE_CPU1_ = .
                0x0000000060004000                . = (. + CSA_SIZE)
 *fill*         0x0000000060000000     0x4000 00

.CPU2.csa       memory region -> dspr_cpu2
                0x0000000050000000     0x4000
                0x0000000050000000                . = ALIGN (0x40)
                0x0000000050000000                __CSA_BASE_CPU2_ = .
                0x0000000050004000                . = (. + CSA_SIZE)
 *fill*         0x0000000050000000     0x4000 00

.CPU0.stack     memory region -> dspr_cpu0
                0x0000000070004000     0x1000
                0x0000000070004000                . = ALIGN (0x8)
                0x0000000070004000                __STACK_BASE_CPU0_ = .
                0x0000000070005000                . = (. + SHARED_STACK_SIZE)
 *fill*         0x0000000070004000     0x1000 00

.CPU1.stack     memory region -> dspr_cpu1
                0x0000000060004000     0x1000
                0x0000000060004000                . = ALIGN (0x8)
                0x0000000060004000                __STACK_BASE_CPU1_ = .
                0x0000000060005000                . = (. + SHARED_STACK_SIZE)
 *fill*         0x0000000060004000     0x1000 00

.CPU2.stack     memory region -> dspr_cpu2
                0x0000000050004000     0x1000
                0x0000000050004000                . = ALIGN (0x8)
                0x0000000050004000                __STACK_BASE_CPU2_ = .
                0x0000000050005000                . = (. + SHARED_STACK_SIZE)
 *fill*         0x0000000050004000     0x1000 00

.CPU0.code

.CPU0.ramcode   memory region -> pspr_cpu0
                0x0000000070100080        0x0 load address 0x0000000080002000

.CPU0.rodata

.CPU0.data      memory region -> dspr_cpu0
                0x0000000070005000        0x0 load address 0x0000000080002000

.CPU0.bss       memory region -> dspr_cpu0
                0x0000000070005000        0x0 load address 0x0000000080002000

.CPU1.code

.CPU1.ramcode   memory region -> pspr_cpu1
                0x0000000060100080        0x0 load address 0x0000000080002000

.CPU1.rodata

.CPU1.data      memory region -> dspr_cpu1
                0x0000000060005000        0x0 load address 0x0000000080002000

.CPU1.bss       memory region -> dspr_cpu1
                0x0000000060005000        0x0 load address 0x0000000080002000

.CPU2.code

.CPU2.ramcode   memory region -> pspr_cpu2
                0x0000000050100080        0x0 load address 0x0000000080002000

.CPU2.rodata

.CPU2.data      memory region -> dspr_cpu2
                0x0000000050005000        0x0 load address 0x0000000080002000

.CPU2.bss       memory region -> dspr_cpu2
                0x0000000050005000        0x0 load address 0x0000000080002000

.code           memory region -> int_flash0
                0x0000000080002000     0x1566
 *(.text*)
 .text          0x0000000080002000        0x0 bsp/board/board_appkit_TC2X4_V1.0/board.o
 .text          0x0000000080002000        0x0 bsp/board/board_appkit_TC2X5_V1.0/board.o
 .text          0x0000000080002000        0x0 bsp/board/board_appkit_TC2X5_V2.0/board.o
 .text          0x0000000080002000        0x0 bsp/board/board_appkit_TC2X7_V1.X/board.o
 .text          0x0000000080002000        0x0 bsp/board/board_triboard_TC2X2_V1.0/board.o
 .text          0x0000000080002000        0x0 bsp/board/board_triboard_TC2X3_V1.0/board.o
 .text          0x0000000080002000        0x0 bsp/board/board_triboard_TC2X3_V1.1/board.o
 .text          0x0000000080002000        0x0 bsp/board/board_triboard_TC2X4_TH_V1.0/board.o
 .text          0x0000000080002000        0x0 bsp/board/board_triboard_TC2X4_V1.0/board.o
 .text          0x0000000080002000        0x0 bsp/board/board_triboard_TC2X4_V2.0/board.o
 .text          0x0000000080002000        0x0 bsp/board/board_triboard_TC2X5_V1.0/board.o
 .text          0x0000000080002000        0x0 bsp/board/board_triboard_TC2X5_V2.0/board.o
 .text          0x0000000080002000        0x4 bsp/board/board_triboard_TC2X7_V1.0/board.o
                0x0000000080002000                bsp_board_wdg_Disable
 .text          0x0000000080002004        0x0 bsp/board/board_triboard_TC2X8_V1.1/board.o
 .text          0x0000000080002004        0x0 bsp/board/board_triboard_TC2X9_V1.1/board.o
 .text          0x0000000080002004        0x0 bsp/board/board_triboard_TC2X9_V2.0/board.o
 .text          0x0000000080002004        0x0 bsp/board/board_triboard_TC2X9_V2.1/board.o
 .text          0x0000000080002004       0xf6 bsp/board/bsp_board.o
                0x0000000080002004                bsp_board_led_InitAll
                0x0000000080002038                bsp_board_led_Init
                0x00000000800020b6                bsp_board_led_Set
 .text          0x00000000800020fa       0xf0 bsp/isr/bsp_isr.o
                0x00000000800020fa                isr_undef_handler
                0x0000000080002100                bsp_isr_Init
                0x0000000080002182                bsp_isr_RegisterHandler
 .text          0x00000000800021ea        0x0 bsp/isr/bsp_isr_vector_table.o
 .text          0x00000000800021ea        0x0 bsp/isr/bsp_traps_tc2.o
 .text          0x00000000800021ea     0x1032 bsp/uc/bsp_uc.o
                0x00000000800021ea                bsp_uc_scu_wdt_DisableSafetyWatchdog
                0x000000008000220a                bsp_uc_scu_wdt_DisableCpuWatchdog
                0x0000000080002242                bsp_uc_scu_EnableXOSC
                0x000000008000235e                bsp_uc_scu_EnablePLL
                0x00000000800024e2                bsp_uc_scu_EnablePLLEray
                0x0000000080002624                bsp_uc_scu_SwitchSystemClock
                0x0000000080002864                bsp_uc_scu_SetCcuCon
                0x00000000800028c6                bsp_uc_ccu_SelectExtClk0
                0x0000000080002962                bsp_uc_ccu_SelectExtClk1
                0x00000000800029c2                bsp_uc_core_StartCore
                0x0000000080002a5e                bsp_uc_core_StartAllCores
                0x0000000080002a90                bsp_uc_port_EnableInput
                0x0000000080002b24                bsp_uc_port_EnableOutput
                0x0000000080002c4e                bsp_uc_port_SetGPIO
                0x0000000080002cda                bsp_uc_port_GetGPIO
                0x0000000080002d56                bsp_uc_pflash_SetWs
                0x0000000080002dac                bsp_uc_dflash_SetWs
                0x0000000080002e02                bsp_uc_core_EnableICache
                0x0000000080002e58                bsp_uc_core_EnableDCache
                0x0000000080002e8c                bsp_uc_core_GetCurrentCore
                0x0000000080002eaa                bsp_uc_core_GetCurrentInterruptPriority
                0x0000000080002ece                bsp_uc_stm_ReloadChannel
                0x0000000080002f04                bsp_uc_stm_EnableChannelIsr
                0x0000000080002f6a                bsp_uc_stm_ClearChannelIsrFlag
                0x0000000080002f9a                bsp_uc_stm_IsChannelIsrFlag
                0x0000000080002fc4                bsp_uc_stm_GetChannelCurrentValue
                0x0000000080002fe8                bsp_uc_stm_Wait
                0x0000000080003056                bsp_uc_intc_SetBIV
                0x0000000080003094                bsp_uc_intc_stm_SetSRC
                0x0000000080003112                bsp_uc_intc_EnableExternalInterrupts
                0x000000008000311a                bsp_uc_InitClock
                0x00000000800031cc                bsp_uc_intc_InitBIV
 .text          0x000000008000321c        0x0 bsp/uc/uc_tc27/uc_tc27.o
 .text          0x000000008000321c        0x0 crt0/tc2x_bmhd.o
 .text          0x000000008000321c      0x1bc crt0/tc2x_crt0.o
                0x000000008000321c                _start
                0x0000000080003318                Crt0BssInit
                0x0000000080003340                Crt0DataInit
                0x0000000080003370                Crt0CtorInit
 .text          0x00000000800033d8       0xf6 src/shared_main.o
                0x00000000800033d8                TimerMulticoreIsrHandler
                0x0000000080003418                shared_main
                0x0000000080003484                Crt0PreInit
                0x00000000800034a4                Crt0PostInit
 .text          0x00000000800034ce        0x0 d:/hightectricore_entrytoolchain/toolchains/tricore/v4.9.3.0-infineon-1.0/bin/../lib/gcc/tricore/4.9.4/../../../../tricore/lib/tc161/short-double\libos.a(wdtcon.o)
 .text.unlock_wdtcon
                0x00000000800034ce       0x2c d:/hightectricore_entrytoolchain/toolchains/tricore/v4.9.3.0-infineon-1.0/bin/../lib/gcc/tricore/4.9.4/../../../../tricore/lib/tc161/short-double\libos.a(wdtcon.o)
                0x00000000800034ce                unlock_wdtcon
 .text.lock_wdtcon
                0x00000000800034fa       0x2c d:/hightectricore_entrytoolchain/toolchains/tricore/v4.9.3.0-infineon-1.0/bin/../lib/gcc/tricore/4.9.4/../../../../tricore/lib/tc161/short-double\libos.a(wdtcon.o)
                0x00000000800034fa                lock_wdtcon
 .text.unlock_safety_wdtcon
                0x0000000080003526       0x20 d:/hightectricore_entrytoolchain/toolchains/tricore/v4.9.3.0-infineon-1.0/bin/../lib/gcc/tricore/4.9.4/../../../../tricore/lib/tc161/short-double\libos.a(wdtcon.o)
                0x0000000080003526                unlock_safety_wdtcon
 .text.lock_safety_wdtcon
                0x0000000080003546       0x20 d:/hightectricore_entrytoolchain/toolchains/tricore/v4.9.3.0-infineon-1.0/bin/../lib/gcc/tricore/4.9.4/../../../../tricore/lib/tc161/short-double\libos.a(wdtcon.o)
                0x0000000080003546                lock_safety_wdtcon

.ramcode        memory region -> pspr_cpu0
                0x0000000070100080        0x0 load address 0x0000000080003566
 *(.ramcode*)

.rodata         memory region -> int_flash0
                0x0000000080003568       0x40
 *(.rodata*)
 .rodata        0x0000000080003568       0x40 bsp/board/board_triboard_TC2X7_V1.0/board.o
                0x0000000080003568                board_led

.ctors          memory region -> int_flash0
                0x00000000800035a8        0x8
                0x00000000800035a8                __CTOR_LIST__ = .
                0x00000000800035a8        0x4 LONG 0x0 (((__CTOR_END__ - __CTOR_LIST__) / 0x4) - 0x2)
 *(.ctors)
                0x00000000800035ac        0x4 LONG 0x0
                0x00000000800035b0                __CTOR_END__ = .

.sdata2         memory region -> int_flash0
                0x00000000800035b0        0x0
 *(.sdata2*)

.sdata          memory region -> dspr_cpu0
                0x0000000070005000        0x0 load address 0x00000000800035b0
 *(.sdata*)

.sbss           memory region -> dspr_cpu0
                0x0000000070005000        0x0 load address 0x00000000800035b0
 *(.sbss*)

.data           memory region -> dspr_cpu0
                0x0000000070005000        0x0 load address 0x00000000800035b0
 *(.data*)
 .data          0x0000000070005000        0x0 bsp/board/board_appkit_TC2X4_V1.0/board.o
 .data          0x0000000070005000        0x0 bsp/board/board_appkit_TC2X5_V1.0/board.o
 .data          0x0000000070005000        0x0 bsp/board/board_appkit_TC2X5_V2.0/board.o
 .data          0x0000000070005000        0x0 bsp/board/board_appkit_TC2X7_V1.X/board.o
 .data          0x0000000070005000        0x0 bsp/board/board_triboard_TC2X2_V1.0/board.o
 .data          0x0000000070005000        0x0 bsp/board/board_triboard_TC2X3_V1.0/board.o
 .data          0x0000000070005000        0x0 bsp/board/board_triboard_TC2X3_V1.1/board.o
 .data          0x0000000070005000        0x0 bsp/board/board_triboard_TC2X4_TH_V1.0/board.o
 .data          0x0000000070005000        0x0 bsp/board/board_triboard_TC2X4_V1.0/board.o
 .data          0x0000000070005000        0x0 bsp/board/board_triboard_TC2X4_V2.0/board.o
 .data          0x0000000070005000        0x0 bsp/board/board_triboard_TC2X5_V1.0/board.o
 .data          0x0000000070005000        0x0 bsp/board/board_triboard_TC2X5_V2.0/board.o
 .data          0x0000000070005000        0x0 bsp/board/board_triboard_TC2X7_V1.0/board.o
 .data          0x0000000070005000        0x0 bsp/board/board_triboard_TC2X8_V1.1/board.o
 .data          0x0000000070005000        0x0 bsp/board/board_triboard_TC2X9_V1.1/board.o
 .data          0x0000000070005000        0x0 bsp/board/board_triboard_TC2X9_V2.0/board.o
 .data          0x0000000070005000        0x0 bsp/board/board_triboard_TC2X9_V2.1/board.o
 .data          0x0000000070005000        0x0 bsp/board/bsp_board.o
 .data          0x0000000070005000        0x0 bsp/isr/bsp_isr.o
 .data          0x0000000070005000        0x0 bsp/isr/bsp_isr_vector_table.o
 .data          0x0000000070005000        0x0 bsp/isr/bsp_traps_tc2.o
 .data          0x0000000070005000        0x0 bsp/uc/bsp_uc.o
 .data          0x0000000070005000        0x0 bsp/uc/uc_tc27/uc_tc27.o
 .data          0x0000000070005000        0x0 crt0/tc2x_bmhd.o
 .data          0x0000000070005000        0x0 crt0/tc2x_crt0.o
 .data          0x0000000070005000        0x0 src/shared_main.o
 .data          0x0000000070005000        0x0 d:/hightectricore_entrytoolchain/toolchains/tricore/v4.9.3.0-infineon-1.0/bin/../lib/gcc/tricore/4.9.4/../../../../tricore/lib/tc161/short-double\libos.a(wdtcon.o)

.bss            memory region -> dspr_cpu0
                0x0000000070005000        0x8 load address 0x00000000800035b0
 *(.bss*)
 .bss           0x0000000070005000        0x0 bsp/board/board_appkit_TC2X4_V1.0/board.o
 .bss           0x0000000070005000        0x0 bsp/board/board_appkit_TC2X5_V1.0/board.o
 .bss           0x0000000070005000        0x0 bsp/board/board_appkit_TC2X5_V2.0/board.o
 .bss           0x0000000070005000        0x0 bsp/board/board_appkit_TC2X7_V1.X/board.o
 .bss           0x0000000070005000        0x0 bsp/board/board_triboard_TC2X2_V1.0/board.o
 .bss           0x0000000070005000        0x0 bsp/board/board_triboard_TC2X3_V1.0/board.o
 .bss           0x0000000070005000        0x0 bsp/board/board_triboard_TC2X3_V1.1/board.o
 .bss           0x0000000070005000        0x0 bsp/board/board_triboard_TC2X4_TH_V1.0/board.o
 .bss           0x0000000070005000        0x0 bsp/board/board_triboard_TC2X4_V1.0/board.o
 .bss           0x0000000070005000        0x0 bsp/board/board_triboard_TC2X4_V2.0/board.o
 .bss           0x0000000070005000        0x0 bsp/board/board_triboard_TC2X5_V1.0/board.o
 .bss           0x0000000070005000        0x0 bsp/board/board_triboard_TC2X5_V2.0/board.o
 .bss           0x0000000070005000        0x0 bsp/board/board_triboard_TC2X7_V1.0/board.o
 .bss           0x0000000070005000        0x0 bsp/board/board_triboard_TC2X8_V1.1/board.o
 .bss           0x0000000070005000        0x0 bsp/board/board_triboard_TC2X9_V1.1/board.o
 .bss           0x0000000070005000        0x0 bsp/board/board_triboard_TC2X9_V2.0/board.o
 .bss           0x0000000070005000        0x0 bsp/board/board_triboard_TC2X9_V2.1/board.o
 .bss           0x0000000070005000        0x0 bsp/board/bsp_board.o
 .bss           0x0000000070005000        0x0 bsp/isr/bsp_isr.o
 .bss           0x0000000070005000        0x0 bsp/isr/bsp_isr_vector_table.o
 .bss           0x0000000070005000        0x0 bsp/isr/bsp_traps_tc2.o
 .bss           0x0000000070005000        0x0 bsp/uc/bsp_uc.o
 .bss           0x0000000070005000        0x0 bsp/uc/uc_tc27/uc_tc27.o
 .bss           0x0000000070005000        0x0 crt0/tc2x_bmhd.o
 .bss           0x0000000070005000        0x0 crt0/tc2x_crt0.o
 .bss           0x0000000070005000        0x8 src/shared_main.o
                0x0000000070005000                unusedVar1
 .bss           0x0000000070005008        0x0 d:/hightectricore_entrytoolchain/toolchains/tricore/v4.9.3.0-infineon-1.0/bin/../lib/gcc/tricore/4.9.4/../../../../tricore/lib/tc161/short-double\libos.a(wdtcon.o)
 *(COMMON)

.heap           memory region -> dspr_cpu0
                0x0000000070005008     0x1000 load address 0x00000000800035b0
                0x0000000070006008                . = (. + __HEAP_SIZE)
 *fill*         0x0000000070005008     0x1000 00

.CPU0.clear_sec memory region -> int_flash0
                0x00000000800035b0       0x28
                0x00000000800035b0        0x4 LONG 0x70005000 ADDR (.CPU0.bss)
                0x00000000800035b4        0x4 LONG 0x0 SIZEOF (.CPU0.bss)
                0x00000000800035b8        0x4 LONG 0x70005000 ADDR (.sbss)
                0x00000000800035bc        0x4 LONG 0x0 SIZEOF (.sbss)
                0x00000000800035c0        0x4 LONG 0x70005000 ADDR (.bss)
                0x00000000800035c4        0x4 LONG 0x8 SIZEOF (.bss)
                0x00000000800035c8        0x4 LONG 0x70005008 ADDR (.heap)
                0x00000000800035cc        0x4 LONG 0x1000 SIZEOF (.heap)
                0x00000000800035d0        0x4 LONG 0xffffffffffffffff
                0x00000000800035d4        0x4 LONG 0xffffffffffffffff

.CPU0.copy_sec  memory region -> int_flash0
                0x00000000800035d8       0x48
                0x00000000800035d8        0x4 LONG 0x80002000 LOADADDR (.CPU0.ramcode)
                0x00000000800035dc        0x4 LONG 0x70100080 ADDR (.CPU0.ramcode)
                0x00000000800035e0        0x4 LONG 0x0 SIZEOF (.CPU0.ramcode)
                0x00000000800035e4        0x4 LONG 0x80002000 LOADADDR (.CPU0.data)
                0x00000000800035e8        0x4 LONG 0x70005000 ADDR (.CPU0.data)
                0x00000000800035ec        0x4 LONG 0x0 SIZEOF (.CPU0.data)
                0x00000000800035f0        0x4 LONG 0x80003566 LOADADDR (.ramcode)
                0x00000000800035f4        0x4 LONG 0x70100080 ADDR (.ramcode)
                0x00000000800035f8        0x4 LONG 0x0 SIZEOF (.ramcode)
                0x00000000800035fc        0x4 LONG 0x800035b0 LOADADDR (.sdata)
                0x0000000080003600        0x4 LONG 0x70005000 ADDR (.sdata)
                0x0000000080003604        0x4 LONG 0x0 SIZEOF (.sdata)
                0x0000000080003608        0x4 LONG 0x800035b0 LOADADDR (.data)
                0x000000008000360c        0x4 LONG 0x70005000 ADDR (.data)
                0x0000000080003610        0x4 LONG 0x0 SIZEOF (.data)
                0x0000000080003614        0x4 LONG 0xffffffffffffffff
                0x0000000080003618        0x4 LONG 0xffffffffffffffff
                0x000000008000361c        0x4 LONG 0xffffffffffffffff

.CPU1.clear_sec memory region -> int_flash0
                0x0000000080003620       0x10
                0x0000000080003620        0x4 LONG 0x60005000 ADDR (.CPU1.bss)
                0x0000000080003624        0x4 LONG 0x0 SIZEOF (.CPU1.bss)
                0x0000000080003628        0x4 LONG 0xffffffffffffffff
                0x000000008000362c        0x4 LONG 0xffffffffffffffff

.CPU1.copy_sec  memory region -> int_flash0
                0x0000000080003630       0x24
                0x0000000080003630        0x4 LONG 0x80002000 LOADADDR (.CPU1.ramcode)
                0x0000000080003634        0x4 LONG 0x60100080 (0x0 + ADDR (.CPU1.ramcode))
                0x0000000080003638        0x4 LONG 0x0 SIZEOF (.CPU1.ramcode)
                0x000000008000363c        0x4 LONG 0x80002000 LOADADDR (.CPU1.data)
                0x0000000080003640        0x4 LONG 0x60005000 ADDR (.CPU1.data)
                0x0000000080003644        0x4 LONG 0x0 SIZEOF (.CPU1.data)
                0x0000000080003648        0x4 LONG 0xffffffffffffffff
                0x000000008000364c        0x4 LONG 0xffffffffffffffff
                0x0000000080003650        0x4 LONG 0xffffffffffffffff

.CPU2.clear_sec memory region -> int_flash0
                0x0000000080003654       0x10
                0x0000000080003654        0x4 LONG 0x50005000 ADDR (.CPU2.bss)
                0x0000000080003658        0x4 LONG 0x0 SIZEOF (.CPU2.bss)
                0x000000008000365c        0x4 LONG 0xffffffffffffffff
                0x0000000080003660        0x4 LONG 0xffffffffffffffff

.CPU2.copy_sec  memory region -> int_flash0
                0x0000000080003664       0x24
                0x0000000080003664        0x4 LONG 0x80002000 LOADADDR (.CPU2.ramcode)
                0x0000000080003668        0x4 LONG 0x50100080 (0x0 + ADDR (.CPU2.ramcode))
                0x000000008000366c        0x4 LONG 0x0 SIZEOF (.CPU2.ramcode)
                0x0000000080003670        0x4 LONG 0x80002000 LOADADDR (.CPU2.data)
                0x0000000080003674        0x4 LONG 0x50005000 (0x0 + ADDR (.CPU2.data))
                0x0000000080003678        0x4 LONG 0x0 SIZEOF (.CPU2.data)
                0x000000008000367c        0x4 LONG 0xffffffffffffffff
                0x0000000080003680        0x4 LONG 0xffffffffffffffff
                0x0000000080003684        0x4 LONG 0xffffffffffffffff
                0x000000008000b5b0                _SMALL_DATA2_ = (ADDR (.sdata2) + 0x8000)
                0x000000007000d000                _SMALL_DATA_ = (ADDR (.sdata) + 0x8000)
                0x0000000070005008                __HEAP = ADDR (.heap)
                0x0000000000001000                __HEAP_END = SIZEOF (.heap)

.crt0_config    memory region -> int_flash0
                0x0000000080003688       0x84
                0x0000000080003688                PROVIDE (__crt0_config, .)
                0x0000000080003688        0x4 LONG 0x70004000 ADDR (.CPU0.stack)
                0x000000008000368c        0x4 LONG 0x1000 SIZEOF (.CPU0.stack)
                0x0000000080003690        0x4 LONG 0x70000000 ADDR (.CPU0.csa)
                0x0000000080003694        0x4 LONG 0x4000 SIZEOF (.CPU0.csa)
                0x0000000080003698        0x4 LONG 0x7000d000 _SMALL_DATA_
                0x000000008000369c        0x4 LONG 0x8000b5b0 _SMALL_DATA2_
                0x00000000800036a0        0x4 LONG 0x0
                0x00000000800036a4        0x4 LONG 0x0
                0x00000000800036a8        0x4 LONG 0x800035b0 ADDR (.CPU0.clear_sec)
                0x00000000800036ac        0x4 LONG 0x800035d8 ADDR (.CPU0.copy_sec)
                0x00000000800036b0        0x4 LONG 0x800035a8 __CTOR_LIST__
                0x00000000800036b4        0x4 LONG 0x60004000 ADDR (.CPU1.stack)
                0x00000000800036b8        0x4 LONG 0x1000 SIZEOF (.CPU1.stack)
                0x00000000800036bc        0x4 LONG 0x60000000 ADDR (.CPU1.csa)
                0x00000000800036c0        0x4 LONG 0x4000 SIZEOF (.CPU1.csa)
                0x00000000800036c4        0x4 LONG 0x7000d000 _SMALL_DATA_
                0x00000000800036c8        0x4 LONG 0x8000b5b0 _SMALL_DATA2_
                0x00000000800036cc        0x4 LONG 0x0
                0x00000000800036d0        0x4 LONG 0x0
                0x00000000800036d4        0x4 LONG 0x80003620 ADDR (.CPU1.clear_sec)
                0x00000000800036d8        0x4 LONG 0x80003630 ADDR (.CPU1.copy_sec)
                0x00000000800036dc        0x4 LONG 0x0
                0x00000000800036e0        0x4 LONG 0x50004000 ADDR (.CPU2.stack)
                0x00000000800036e4        0x4 LONG 0x1000 SIZEOF (.CPU2.stack)
                0x00000000800036e8        0x4 LONG 0x50000000 ADDR (.CPU2.csa)
                0x00000000800036ec        0x4 LONG 0x4000 SIZEOF (.CPU2.csa)
                0x00000000800036f0        0x4 LONG 0x7000d000 _SMALL_DATA_
                0x00000000800036f4        0x4 LONG 0x8000b5b0 _SMALL_DATA2_
                0x00000000800036f8        0x4 LONG 0x0
                0x00000000800036fc        0x4 LONG 0x0
                0x0000000080003700        0x4 LONG 0x80003654 ADDR (.CPU2.clear_sec)
                0x0000000080003704        0x4 LONG 0x80003664 ADDR (.CPU2.copy_sec)
                0x0000000080003708        0x4 LONG 0x0

.comment        memory region -> *default*
                0x0000000000000000       0x53
 *(.comment)
 .comment       0x0000000000000000       0x53 bsp/board/board_appkit_TC2X4_V1.0/board.o
                                         0x54 (size before relaxing)
 .comment       0x0000000000000000       0x54 bsp/board/board_appkit_TC2X5_V1.0/board.o
 .comment       0x0000000000000000       0x54 bsp/board/board_appkit_TC2X5_V2.0/board.o
 .comment       0x0000000000000000       0x54 bsp/board/board_appkit_TC2X7_V1.X/board.o
 .comment       0x0000000000000000       0x54 bsp/board/board_triboard_TC2X2_V1.0/board.o
 .comment       0x0000000000000000       0x54 bsp/board/board_triboard_TC2X3_V1.0/board.o
 .comment       0x0000000000000000       0x54 bsp/board/board_triboard_TC2X3_V1.1/board.o
 .comment       0x0000000000000000       0x54 bsp/board/board_triboard_TC2X4_TH_V1.0/board.o
 .comment       0x0000000000000000       0x54 bsp/board/board_triboard_TC2X4_V1.0/board.o
 .comment       0x0000000000000000       0x54 bsp/board/board_triboard_TC2X4_V2.0/board.o
 .comment       0x0000000000000000       0x54 bsp/board/board_triboard_TC2X5_V1.0/board.o
 .comment       0x0000000000000000       0x54 bsp/board/board_triboard_TC2X5_V2.0/board.o
 .comment       0x0000000000000000       0x54 bsp/board/board_triboard_TC2X7_V1.0/board.o
 .comment       0x0000000000000000       0x54 bsp/board/board_triboard_TC2X8_V1.1/board.o
 .comment       0x0000000000000000       0x54 bsp/board/board_triboard_TC2X9_V1.1/board.o
 .comment       0x0000000000000000       0x54 bsp/board/board_triboard_TC2X9_V2.0/board.o
 .comment       0x0000000000000000       0x54 bsp/board/board_triboard_TC2X9_V2.1/board.o
 .comment       0x0000000000000000       0x54 bsp/board/bsp_board.o
 .comment       0x0000000000000000       0x54 bsp/isr/bsp_isr.o
 .comment       0x0000000000000000       0x54 bsp/isr/bsp_isr_vector_table.o
 .comment       0x0000000000000000       0x54 bsp/isr/bsp_traps_tc2.o
 .comment       0x0000000000000000       0x54 bsp/uc/bsp_uc.o
 .comment       0x0000000000000000       0x54 bsp/uc/uc_tc27/uc_tc27.o
 .comment       0x0000000000000000       0x54 src/shared_main.o
 .comment       0x0000000000000000       0x54 d:/hightectricore_entrytoolchain/toolchains/tricore/v4.9.3.0-infineon-1.0/bin/../lib/gcc/tricore/4.9.4/../../../../tricore/lib/tc161/short-double\libos.a(wdtcon.o)

.debug
 *(.debug)

.line
 *(.line)

.debug_srcinfo
 *(.debug_srcinfo)

.debug_sfnames
 *(.debug_sfnames)

.debug_aranges  memory region -> *default*
                0x0000000000000000      0x308
 *(.debug_aranges)
 .debug_aranges
                0x0000000000000000       0x18 bsp/board/board_appkit_TC2X4_V1.0/board.o
 .debug_aranges
                0x0000000000000018       0x18 bsp/board/board_appkit_TC2X5_V1.0/board.o
 .debug_aranges
                0x0000000000000030       0x18 bsp/board/board_appkit_TC2X5_V2.0/board.o
 .debug_aranges
                0x0000000000000048       0x18 bsp/board/board_appkit_TC2X7_V1.X/board.o
 .debug_aranges
                0x0000000000000060       0x18 bsp/board/board_triboard_TC2X2_V1.0/board.o
 .debug_aranges
                0x0000000000000078       0x18 bsp/board/board_triboard_TC2X3_V1.0/board.o
 .debug_aranges
                0x0000000000000090       0x18 bsp/board/board_triboard_TC2X3_V1.1/board.o
 .debug_aranges
                0x00000000000000a8       0x18 bsp/board/board_triboard_TC2X4_TH_V1.0/board.o
 .debug_aranges
                0x00000000000000c0       0x18 bsp/board/board_triboard_TC2X4_V1.0/board.o
 .debug_aranges
                0x00000000000000d8       0x18 bsp/board/board_triboard_TC2X4_V2.0/board.o
 .debug_aranges
                0x00000000000000f0       0x18 bsp/board/board_triboard_TC2X5_V1.0/board.o
 .debug_aranges
                0x0000000000000108       0x18 bsp/board/board_triboard_TC2X5_V2.0/board.o
 .debug_aranges
                0x0000000000000120       0x20 bsp/board/board_triboard_TC2X7_V1.0/board.o
 .debug_aranges
                0x0000000000000140       0x18 bsp/board/board_triboard_TC2X8_V1.1/board.o
 .debug_aranges
                0x0000000000000158       0x18 bsp/board/board_triboard_TC2X9_V1.1/board.o
 .debug_aranges
                0x0000000000000170       0x18 bsp/board/board_triboard_TC2X9_V2.0/board.o
 .debug_aranges
                0x0000000000000188       0x18 bsp/board/board_triboard_TC2X9_V2.1/board.o
 .debug_aranges
                0x00000000000001a0       0x20 bsp/board/bsp_board.o
 .debug_aranges
                0x00000000000001c0       0x20 bsp/isr/bsp_isr.o
 .debug_aranges
                0x00000000000001e0       0x18 bsp/isr/bsp_isr_vector_table.o
 .debug_aranges
                0x00000000000001f8       0x58 bsp/isr/bsp_traps_tc2.o
 .debug_aranges
                0x0000000000000250       0x20 bsp/uc/bsp_uc.o
 .debug_aranges
                0x0000000000000270       0x18 bsp/uc/uc_tc27/uc_tc27.o
 .debug_aranges
                0x0000000000000288       0x28 crt0/tc2x_crt0.o
 .debug_aranges
                0x00000000000002b0       0x20 src/shared_main.o
 .debug_aranges
                0x00000000000002d0       0x38 d:/hightectricore_entrytoolchain/toolchains/tricore/v4.9.3.0-infineon-1.0/bin/../lib/gcc/tricore/4.9.4/../../../../tricore/lib/tc161/short-double\libos.a(wdtcon.o)

.debug_pubnames
 *(.debug_pubnames)

.debug_info     memory region -> *default*
                0x0000000000000000    0x10c19
 *(.debug_info)
 .debug_info    0x0000000000000000      0x1a8 bsp/board/board_appkit_TC2X4_V1.0/board.o
 .debug_info    0x00000000000001a8      0x1a8 bsp/board/board_appkit_TC2X5_V1.0/board.o
 .debug_info    0x0000000000000350      0x1a8 bsp/board/board_appkit_TC2X5_V2.0/board.o
 .debug_info    0x00000000000004f8      0x1a8 bsp/board/board_appkit_TC2X7_V1.X/board.o
 .debug_info    0x00000000000006a0      0x1aa bsp/board/board_triboard_TC2X2_V1.0/board.o
 .debug_info    0x000000000000084a      0x1aa bsp/board/board_triboard_TC2X3_V1.0/board.o
 .debug_info    0x00000000000009f4      0x1aa bsp/board/board_triboard_TC2X3_V1.1/board.o
 .debug_info    0x0000000000000b9e      0x1ad bsp/board/board_triboard_TC2X4_TH_V1.0/board.o
 .debug_info    0x0000000000000d4b      0x1aa bsp/board/board_triboard_TC2X4_V1.0/board.o
 .debug_info    0x0000000000000ef5      0x1aa bsp/board/board_triboard_TC2X4_V2.0/board.o
 .debug_info    0x000000000000109f      0x1aa bsp/board/board_triboard_TC2X5_V1.0/board.o
 .debug_info    0x0000000000001249      0x1aa bsp/board/board_triboard_TC2X5_V2.0/board.o
 .debug_info    0x00000000000013f3      0x394 bsp/board/board_triboard_TC2X7_V1.0/board.o
 .debug_info    0x0000000000001787      0x1aa bsp/board/board_triboard_TC2X8_V1.1/board.o
 .debug_info    0x0000000000001931      0x1aa bsp/board/board_triboard_TC2X9_V1.1/board.o
 .debug_info    0x0000000000001adb      0x1aa bsp/board/board_triboard_TC2X9_V2.0/board.o
 .debug_info    0x0000000000001c85      0x1aa bsp/board/board_triboard_TC2X9_V2.1/board.o
 .debug_info    0x0000000000001e2f      0x5bd bsp/board/bsp_board.o
 .debug_info    0x00000000000023ec      0x51b bsp/isr/bsp_isr.o
 .debug_info    0x0000000000002907      0x250 bsp/isr/bsp_isr_vector_table.o
 .debug_info    0x0000000000002b57      0x3f9 bsp/isr/bsp_traps_tc2.o
 .debug_info    0x0000000000002f50     0xd1d3 bsp/uc/bsp_uc.o
 .debug_info    0x0000000000010123      0x24a bsp/uc/uc_tc27/uc_tc27.o
 .debug_info    0x000000000001036d       0x84 crt0/tc2x_crt0.o
 .debug_info    0x00000000000103f1      0x474 src/shared_main.o
 .debug_info    0x0000000000010865      0x3b4 d:/hightectricore_entrytoolchain/toolchains/tricore/v4.9.3.0-infineon-1.0/bin/../lib/gcc/tricore/4.9.4/../../../../tricore/lib/tc161/short-double\libos.a(wdtcon.o)

.debug_abbrev   memory region -> *default*
                0x0000000000000000      0x970
 *(.debug_abbrev)
 .debug_abbrev  0x0000000000000000       0x13 bsp/board/board_appkit_TC2X4_V1.0/board.o
 .debug_abbrev  0x0000000000000013       0x13 bsp/board/board_appkit_TC2X5_V1.0/board.o
 .debug_abbrev  0x0000000000000026       0x13 bsp/board/board_appkit_TC2X5_V2.0/board.o
 .debug_abbrev  0x0000000000000039       0x13 bsp/board/board_appkit_TC2X7_V1.X/board.o
 .debug_abbrev  0x000000000000004c       0x13 bsp/board/board_triboard_TC2X2_V1.0/board.o
 .debug_abbrev  0x000000000000005f       0x13 bsp/board/board_triboard_TC2X3_V1.0/board.o
 .debug_abbrev  0x0000000000000072       0x13 bsp/board/board_triboard_TC2X3_V1.1/board.o
 .debug_abbrev  0x0000000000000085       0x13 bsp/board/board_triboard_TC2X4_TH_V1.0/board.o
 .debug_abbrev  0x0000000000000098       0x13 bsp/board/board_triboard_TC2X4_V1.0/board.o
 .debug_abbrev  0x00000000000000ab       0x13 bsp/board/board_triboard_TC2X4_V2.0/board.o
 .debug_abbrev  0x00000000000000be       0x13 bsp/board/board_triboard_TC2X5_V1.0/board.o
 .debug_abbrev  0x00000000000000d1       0x13 bsp/board/board_triboard_TC2X5_V2.0/board.o
 .debug_abbrev  0x00000000000000e4       0xa5 bsp/board/board_triboard_TC2X7_V1.0/board.o
 .debug_abbrev  0x0000000000000189       0x13 bsp/board/board_triboard_TC2X8_V1.1/board.o
 .debug_abbrev  0x000000000000019c       0x13 bsp/board/board_triboard_TC2X9_V1.1/board.o
 .debug_abbrev  0x00000000000001af       0x13 bsp/board/board_triboard_TC2X9_V2.0/board.o
 .debug_abbrev  0x00000000000001c2       0x13 bsp/board/board_triboard_TC2X9_V2.1/board.o
 .debug_abbrev  0x00000000000001d5       0xc5 bsp/board/bsp_board.o
 .debug_abbrev  0x000000000000029a       0xf3 bsp/isr/bsp_isr.o
 .debug_abbrev  0x000000000000038d       0x1e bsp/isr/bsp_isr_vector_table.o
 .debug_abbrev  0x00000000000003ab       0x9b bsp/isr/bsp_traps_tc2.o
 .debug_abbrev  0x0000000000000446      0x36c bsp/uc/bsp_uc.o
 .debug_abbrev  0x00000000000007b2       0x1e bsp/uc/uc_tc27/uc_tc27.o
 .debug_abbrev  0x00000000000007d0       0x12 crt0/tc2x_crt0.o
 .debug_abbrev  0x00000000000007e2       0x8f src/shared_main.o
 .debug_abbrev  0x0000000000000871       0xff d:/hightectricore_entrytoolchain/toolchains/tricore/v4.9.3.0-infineon-1.0/bin/../lib/gcc/tricore/4.9.4/../../../../tricore/lib/tc161/short-double\libos.a(wdtcon.o)

.debug_line     memory region -> *default*
                0x0000000000000000     0x653b
 *(.debug_line)
 .debug_line    0x0000000000000000       0x4d bsp/board/board_appkit_TC2X4_V1.0/board.o
 .debug_line    0x000000000000004d       0x4d bsp/board/board_appkit_TC2X5_V1.0/board.o
 .debug_line    0x000000000000009a       0x4d bsp/board/board_appkit_TC2X5_V2.0/board.o
 .debug_line    0x00000000000000e7       0x4d bsp/board/board_appkit_TC2X7_V1.X/board.o
 .debug_line    0x0000000000000134       0x4f bsp/board/board_triboard_TC2X2_V1.0/board.o
 .debug_line    0x0000000000000183       0x4f bsp/board/board_triboard_TC2X3_V1.0/board.o
 .debug_line    0x00000000000001d2       0x4f bsp/board/board_triboard_TC2X3_V1.1/board.o
 .debug_line    0x0000000000000221       0x52 bsp/board/board_triboard_TC2X4_TH_V1.0/board.o
 .debug_line    0x0000000000000273       0x4f bsp/board/board_triboard_TC2X4_V1.0/board.o
 .debug_line    0x00000000000002c2       0x4f bsp/board/board_triboard_TC2X4_V2.0/board.o
 .debug_line    0x0000000000000311       0x4f bsp/board/board_triboard_TC2X5_V1.0/board.o
 .debug_line    0x0000000000000360       0x4f bsp/board/board_triboard_TC2X5_V2.0/board.o
 .debug_line    0x00000000000003af      0xb82 bsp/board/board_triboard_TC2X7_V1.0/board.o
 .debug_line    0x0000000000000f31       0x4f bsp/board/board_triboard_TC2X8_V1.1/board.o
 .debug_line    0x0000000000000f80       0x4f bsp/board/board_triboard_TC2X9_V1.1/board.o
 .debug_line    0x0000000000000fcf       0x4f bsp/board/board_triboard_TC2X9_V2.0/board.o
 .debug_line    0x000000000000101e       0x4f bsp/board/board_triboard_TC2X9_V2.1/board.o
 .debug_line    0x000000000000106d      0xb88 bsp/board/bsp_board.o
 .debug_line    0x0000000000001bf5      0xba3 bsp/isr/bsp_isr.o
 .debug_line    0x0000000000002798      0xb61 bsp/isr/bsp_isr_vector_table.o
 .debug_line    0x00000000000032f9      0xbe1 bsp/isr/bsp_traps_tc2.o
 .debug_line    0x0000000000003eda      0xdd3 bsp/uc/bsp_uc.o
 .debug_line    0x0000000000004cad      0xb5b bsp/uc/uc_tc27/uc_tc27.o
 .debug_line    0x0000000000005808       0xe4 crt0/tc2x_crt0.o
 .debug_line    0x00000000000058ec      0xb8c src/shared_main.o
 .debug_line    0x0000000000006478       0xc3 d:/hightectricore_entrytoolchain/toolchains/tricore/v4.9.3.0-infineon-1.0/bin/../lib/gcc/tricore/4.9.4/../../../../tricore/lib/tc161/short-double\libos.a(wdtcon.o)

.debug_frame    memory region -> *default*
                0x0000000000000000      0x578
 *(.debug_frame)
 .debug_frame   0x0000000000000000       0x28 bsp/board/board_triboard_TC2X7_V1.0/board.o
 .debug_frame   0x0000000000000028       0x58 bsp/board/bsp_board.o
 .debug_frame   0x0000000000000080       0x58 bsp/isr/bsp_isr.o
 .debug_frame   0x00000000000000d8       0xd0 bsp/isr/bsp_traps_tc2.o
 .debug_frame   0x00000000000001a8      0x310 bsp/uc/bsp_uc.o
 .debug_frame   0x00000000000004b8       0x70 src/shared_main.o
 .debug_frame   0x0000000000000528       0x50 d:/hightectricore_entrytoolchain/toolchains/tricore/v4.9.3.0-infineon-1.0/bin/../lib/gcc/tricore/4.9.4/../../../../tricore/lib/tc161/short-double\libos.a(wdtcon.o)

.debug_str      memory region -> *default*
                0x0000000000000000      0x28e
 *(.debug_str)
 .debug_str     0x0000000000000000        0x0 bsp/board/board_appkit_TC2X4_V1.0/board.o
 .debug_str     0x0000000000000000        0x0 bsp/board/board_appkit_TC2X5_V1.0/board.o
 .debug_str     0x0000000000000000        0x0 bsp/board/board_appkit_TC2X5_V2.0/board.o
 .debug_str     0x0000000000000000        0x0 bsp/board/board_appkit_TC2X7_V1.X/board.o
 .debug_str     0x0000000000000000        0x0 bsp/board/board_triboard_TC2X2_V1.0/board.o
 .debug_str     0x0000000000000000        0x0 bsp/board/board_triboard_TC2X3_V1.0/board.o
 .debug_str     0x0000000000000000        0x0 bsp/board/board_triboard_TC2X3_V1.1/board.o
 .debug_str     0x0000000000000000        0x0 bsp/board/board_triboard_TC2X4_TH_V1.0/board.o
 .debug_str     0x0000000000000000        0x0 bsp/board/board_triboard_TC2X4_V1.0/board.o
 .debug_str     0x0000000000000000        0x0 bsp/board/board_triboard_TC2X4_V2.0/board.o
 .debug_str     0x0000000000000000        0x0 bsp/board/board_triboard_TC2X5_V1.0/board.o
 .debug_str     0x0000000000000000        0x0 bsp/board/board_triboard_TC2X5_V2.0/board.o
 .debug_str     0x0000000000000000        0x0 bsp/board/board_triboard_TC2X7_V1.0/board.o
 .debug_str     0x0000000000000000        0x0 bsp/board/board_triboard_TC2X8_V1.1/board.o
 .debug_str     0x0000000000000000        0x0 bsp/board/board_triboard_TC2X9_V1.1/board.o
 .debug_str     0x0000000000000000        0x0 bsp/board/board_triboard_TC2X9_V2.0/board.o
 .debug_str     0x0000000000000000        0x0 bsp/board/board_triboard_TC2X9_V2.1/board.o
 .debug_str     0x0000000000000000        0x0 bsp/board/bsp_board.o
 .debug_str     0x0000000000000000        0x0 bsp/isr/bsp_isr.o
 .debug_str     0x0000000000000000        0x0 bsp/isr/bsp_isr_vector_table.o
 .debug_str     0x0000000000000000        0x0 bsp/isr/bsp_traps_tc2.o
 .debug_str     0x0000000000000000      0x26d bsp/uc/bsp_uc.o
 .debug_str     0x000000000000026d        0x0 bsp/uc/uc_tc27/uc_tc27.o
 .debug_str     0x000000000000026d       0x12 src/shared_main.o
 .debug_str     0x000000000000027f        0xf d:/hightectricore_entrytoolchain/toolchains/tricore/v4.9.3.0-infineon-1.0/bin/../lib/gcc/tricore/4.9.4/../../../../tricore/lib/tc161/short-double\libos.a(wdtcon.o)

.debug_loc      memory region -> *default*
                0x0000000000000000       0xd4
 *(.debug_loc)
 .debug_loc     0x0000000000000000       0xd4 d:/hightectricore_entrytoolchain/toolchains/tricore/v4.9.3.0-infineon-1.0/bin/../lib/gcc/tricore/4.9.4/../../../../tricore/lib/tc161/short-double\libos.a(wdtcon.o)

.debug_macinfo
 *(.debug_macinfo)

.debug_ranges   memory region -> *default*
                0x0000000000000000       0x90
 *(.debug_ranges)
 .debug_ranges  0x0000000000000000       0x48 bsp/isr/bsp_traps_tc2.o
 .debug_ranges  0x0000000000000048       0x20 crt0/tc2x_crt0.o
 .debug_ranges  0x0000000000000068       0x28 d:/hightectricore_entrytoolchain/toolchains/tricore/v4.9.3.0-infineon-1.0/bin/../lib/gcc/tricore/4.9.4/../../../../tricore/lib/tc161/short-double\libos.a(wdtcon.o)

.debug_control_flow
 *(.debug_control_flow)

.debug_weaknames
 *(.debug_weaknames)

.debug_funcnames
 *(.debug_funcnames)

.debug_typenames
 *(.debug_typenames)

.debug_varnames
 *(.debug_varnames)

.version_info   memory region -> *default*
                0x0000000000000000    0x10e01
 *(.version_info)
 .version_info  0x0000000000000000      0xa9a bsp/board/board_appkit_TC2X4_V1.0/board.o
 .version_info  0x0000000000000a9a      0xa9a bsp/board/board_appkit_TC2X5_V1.0/board.o
 .version_info  0x0000000000001534      0xa9a bsp/board/board_appkit_TC2X5_V2.0/board.o
 .version_info  0x0000000000001fce      0xa9a bsp/board/board_appkit_TC2X7_V1.X/board.o
 .version_info  0x0000000000002a68      0xaac bsp/board/board_triboard_TC2X2_V1.0/board.o
 .version_info  0x0000000000003514      0xaac bsp/board/board_triboard_TC2X3_V1.0/board.o
 .version_info  0x0000000000003fc0      0xaac bsp/board/board_triboard_TC2X3_V1.1/board.o
 .version_info  0x0000000000004a6c      0xac7 bsp/board/board_triboard_TC2X4_TH_V1.0/board.o
 .version_info  0x0000000000005533      0xaac bsp/board/board_triboard_TC2X4_V1.0/board.o
 .version_info  0x0000000000005fdf      0xaac bsp/board/board_triboard_TC2X4_V2.0/board.o
 .version_info  0x0000000000006a8b      0xaac bsp/board/board_triboard_TC2X5_V1.0/board.o
 .version_info  0x0000000000007537      0xaac bsp/board/board_triboard_TC2X5_V2.0/board.o
 .version_info  0x0000000000007fe3      0xaac bsp/board/board_triboard_TC2X7_V1.0/board.o
 .version_info  0x0000000000008a8f      0xaac bsp/board/board_triboard_TC2X8_V1.1/board.o
 .version_info  0x000000000000953b      0xaac bsp/board/board_triboard_TC2X9_V1.1/board.o
 .version_info  0x0000000000009fe7      0xaac bsp/board/board_triboard_TC2X9_V2.0/board.o
 .version_info  0x000000000000aa93      0xaac bsp/board/board_triboard_TC2X9_V2.1/board.o
 .version_info  0x000000000000b53f      0x9e6 bsp/board/bsp_board.o
 .version_info  0x000000000000bf25      0x9c2 bsp/isr/bsp_isr.o
 .version_info  0x000000000000c8e7      0xa37 bsp/isr/bsp_isr_vector_table.o
 .version_info  0x000000000000d31e      0x9f8 bsp/isr/bsp_traps_tc2.o
 .version_info  0x000000000000dd16      0x9b0 bsp/uc/bsp_uc.o
 .version_info  0x000000000000e6c6      0xa01 bsp/uc/uc_tc27/uc_tc27.o
 .version_info  0x000000000000f0c7      0x9c2 src/shared_main.o
 .version_info  0x000000000000fa89     0x1378 d:/hightectricore_entrytoolchain/toolchains/tricore/v4.9.3.0-infineon-1.0/bin/../lib/gcc/tricore/4.9.4/../../../../tricore/lib/tc161/short-double\libos.a(wdtcon.o)
OUTPUT(tc27x_bsp_example.elf elf32-tricore)

.debug_macro    memory region -> *default*
                0x0000000000000000   0x299020
 .debug_macro   0x0000000000000000       0x11 bsp/board/board_appkit_TC2X4_V1.0/board.o
 .debug_macro   0x0000000000000011     0x1b16 bsp/board/board_appkit_TC2X4_V1.0/board.o
 .debug_macro   0x0000000000001b27       0x11 bsp/board/board_appkit_TC2X5_V1.0/board.o
 .debug_macro   0x0000000000001b38       0x11 bsp/board/board_appkit_TC2X5_V2.0/board.o
 .debug_macro   0x0000000000001b49       0x11 bsp/board/board_appkit_TC2X7_V1.X/board.o
 .debug_macro   0x0000000000001b5a       0x11 bsp/board/board_triboard_TC2X2_V1.0/board.o
 .debug_macro   0x0000000000001b6b       0x11 bsp/board/board_triboard_TC2X3_V1.0/board.o
 .debug_macro   0x0000000000001b7c       0x11 bsp/board/board_triboard_TC2X3_V1.1/board.o
 .debug_macro   0x0000000000001b8d       0x11 bsp/board/board_triboard_TC2X4_TH_V1.0/board.o
 .debug_macro   0x0000000000001b9e       0x11 bsp/board/board_triboard_TC2X4_V1.0/board.o
 .debug_macro   0x0000000000001baf       0x11 bsp/board/board_triboard_TC2X4_V2.0/board.o
 .debug_macro   0x0000000000001bc0       0x11 bsp/board/board_triboard_TC2X5_V1.0/board.o
 .debug_macro   0x0000000000001bd1       0x11 bsp/board/board_triboard_TC2X5_V2.0/board.o
 .debug_macro   0x0000000000001be2      0xa20 bsp/board/board_triboard_TC2X7_V1.0/board.o
 .debug_macro   0x0000000000002602      0x8bc bsp/board/board_triboard_TC2X7_V1.0/board.o
 .debug_macro   0x0000000000002ebe       0x29 bsp/board/board_triboard_TC2X7_V1.0/board.o
 .debug_macro   0x0000000000002ee7       0x3d bsp/board/board_triboard_TC2X7_V1.0/board.o
 .debug_macro   0x0000000000002f24      0x3fc bsp/board/board_triboard_TC2X7_V1.0/board.o
 .debug_macro   0x0000000000003320       0x1b bsp/board/board_triboard_TC2X7_V1.0/board.o
 .debug_macro   0x000000000000333b      0xd55 bsp/board/board_triboard_TC2X7_V1.0/board.o
 .debug_macro   0x0000000000004090       0xe9 bsp/board/board_triboard_TC2X7_V1.0/board.o
 .debug_macro   0x0000000000004179     0x1cdc bsp/board/board_triboard_TC2X7_V1.0/board.o
 .debug_macro   0x0000000000005e55    0x62127 bsp/board/board_triboard_TC2X7_V1.0/board.o
 .debug_macro   0x0000000000067f7c     0x13a6 bsp/board/board_triboard_TC2X7_V1.0/board.o
 .debug_macro   0x0000000000069322     0x7c8a bsp/board/board_triboard_TC2X7_V1.0/board.o
 .debug_macro   0x0000000000070fac     0xadf7 bsp/board/board_triboard_TC2X7_V1.0/board.o
 .debug_macro   0x000000000007bda3    0x12246 bsp/board/board_triboard_TC2X7_V1.0/board.o
 .debug_macro   0x000000000008dfe9     0x248f bsp/board/board_triboard_TC2X7_V1.0/board.o
 .debug_macro   0x0000000000090478      0x2f7 bsp/board/board_triboard_TC2X7_V1.0/board.o
 .debug_macro   0x000000000009076f      0x23a bsp/board/board_triboard_TC2X7_V1.0/board.o
 .debug_macro   0x00000000000909a9     0x5808 bsp/board/board_triboard_TC2X7_V1.0/board.o
 .debug_macro   0x00000000000961b1     0x4e9f bsp/board/board_triboard_TC2X7_V1.0/board.o
 .debug_macro   0x000000000009b050      0xce3 bsp/board/board_triboard_TC2X7_V1.0/board.o
 .debug_macro   0x000000000009bd33     0x1009 bsp/board/board_triboard_TC2X7_V1.0/board.o
 .debug_macro   0x000000000009cd3c      0x481 bsp/board/board_triboard_TC2X7_V1.0/board.o
 .debug_macro   0x000000000009d1bd    0x3952e bsp/board/board_triboard_TC2X7_V1.0/board.o
 .debug_macro   0x00000000000d66eb      0x4e0 bsp/board/board_triboard_TC2X7_V1.0/board.o
 .debug_macro   0x00000000000d6bcb     0x11c0 bsp/board/board_triboard_TC2X7_V1.0/board.o
 .debug_macro   0x00000000000d7d8b      0x7a7 bsp/board/board_triboard_TC2X7_V1.0/board.o
 .debug_macro   0x00000000000d8532      0x799 bsp/board/board_triboard_TC2X7_V1.0/board.o
 .debug_macro   0x00000000000d8ccb     0x1471 bsp/board/board_triboard_TC2X7_V1.0/board.o
 .debug_macro   0x00000000000da13c      0xd47 bsp/board/board_triboard_TC2X7_V1.0/board.o
 .debug_macro   0x00000000000dae83    0x3ec10 bsp/board/board_triboard_TC2X7_V1.0/board.o
 .debug_macro   0x0000000000119a93      0xdde bsp/board/board_triboard_TC2X7_V1.0/board.o
 .debug_macro   0x000000000011a871      0x286 bsp/board/board_triboard_TC2X7_V1.0/board.o
 .debug_macro   0x000000000011aaf7     0x6c56 bsp/board/board_triboard_TC2X7_V1.0/board.o
 .debug_macro   0x000000000012174d       0x5a bsp/board/board_triboard_TC2X7_V1.0/board.o
 .debug_macro   0x00000000001217a7     0x3f85 bsp/board/board_triboard_TC2X7_V1.0/board.o
 .debug_macro   0x000000000012572c     0x8005 bsp/board/board_triboard_TC2X7_V1.0/board.o
 .debug_macro   0x000000000012d731     0x1e8d bsp/board/board_triboard_TC2X7_V1.0/board.o
 .debug_macro   0x000000000012f5be     0x22bc bsp/board/board_triboard_TC2X7_V1.0/board.o
 .debug_macro   0x000000000013187a      0x605 bsp/board/board_triboard_TC2X7_V1.0/board.o
 .debug_macro   0x0000000000131e7f     0x19cf bsp/board/board_triboard_TC2X7_V1.0/board.o
 .debug_macro   0x000000000013384e     0x3832 bsp/board/board_triboard_TC2X7_V1.0/board.o
 .debug_macro   0x0000000000137080     0x100d bsp/board/board_triboard_TC2X7_V1.0/board.o
 .debug_macro   0x000000000013808d     0xafb7 bsp/board/board_triboard_TC2X7_V1.0/board.o
 .debug_macro   0x0000000000143044      0xe8b bsp/board/board_triboard_TC2X7_V1.0/board.o
 .debug_macro   0x0000000000143ecf    0x10f10 bsp/board/board_triboard_TC2X7_V1.0/board.o
 .debug_macro   0x0000000000154ddf     0x1bee bsp/board/board_triboard_TC2X7_V1.0/board.o
 .debug_macro   0x00000000001569cd     0x5329 bsp/board/board_triboard_TC2X7_V1.0/board.o
 .debug_macro   0x000000000015bcf6     0x5e6d bsp/board/board_triboard_TC2X7_V1.0/board.o
 .debug_macro   0x0000000000161b63     0x67cb bsp/board/board_triboard_TC2X7_V1.0/board.o
 .debug_macro   0x000000000016832e    0x11f6d bsp/board/board_triboard_TC2X7_V1.0/board.o
 .debug_macro   0x000000000017a29b     0x4e91 bsp/board/board_triboard_TC2X7_V1.0/board.o
 .debug_macro   0x000000000017f12c     0x788d bsp/board/board_triboard_TC2X7_V1.0/board.o
 .debug_macro   0x00000000001869b9     0x5b82 bsp/board/board_triboard_TC2X7_V1.0/board.o
 .debug_macro   0x000000000018c53b     0x19c7 bsp/board/board_triboard_TC2X7_V1.0/board.o
 .debug_macro   0x000000000018df02     0x2a1f bsp/board/board_triboard_TC2X7_V1.0/board.o
 .debug_macro   0x0000000000190921    0x1b802 bsp/board/board_triboard_TC2X7_V1.0/board.o
 .debug_macro   0x00000000001ac123    0x143c9 bsp/board/board_triboard_TC2X7_V1.0/board.o
 .debug_macro   0x00000000001c04ec     0x1c17 bsp/board/board_triboard_TC2X7_V1.0/board.o
 .debug_macro   0x00000000001c2103     0x8250 bsp/board/board_triboard_TC2X7_V1.0/board.o
 .debug_macro   0x00000000001ca353     0x2e31 bsp/board/board_triboard_TC2X7_V1.0/board.o
 .debug_macro   0x00000000001cd184    0x44d10 bsp/board/board_triboard_TC2X7_V1.0/board.o
 .debug_macro   0x0000000000211e94     0x3362 bsp/board/board_triboard_TC2X7_V1.0/board.o
 .debug_macro   0x00000000002151f6     0x42be bsp/board/board_triboard_TC2X7_V1.0/board.o
 .debug_macro   0x00000000002194b4     0x3a5c bsp/board/board_triboard_TC2X7_V1.0/board.o
 .debug_macro   0x000000000021cf10     0x2797 bsp/board/board_triboard_TC2X7_V1.0/board.o
 .debug_macro   0x000000000021f6a7     0x4b13 bsp/board/board_triboard_TC2X7_V1.0/board.o
 .debug_macro   0x00000000002241ba     0x229c bsp/board/board_triboard_TC2X7_V1.0/board.o
 .debug_macro   0x0000000000226456     0x1158 bsp/board/board_triboard_TC2X7_V1.0/board.o
 .debug_macro   0x00000000002275ae     0x6710 bsp/board/board_triboard_TC2X7_V1.0/board.o
 .debug_macro   0x000000000022dcbe     0x3759 bsp/board/board_triboard_TC2X7_V1.0/board.o
 .debug_macro   0x0000000000231417      0xf7d bsp/board/board_triboard_TC2X7_V1.0/board.o
 .debug_macro   0x0000000000232394      0x138 bsp/board/board_triboard_TC2X7_V1.0/board.o
 .debug_macro   0x00000000002324cc     0x59c5 bsp/board/board_triboard_TC2X7_V1.0/board.o
 .debug_macro   0x0000000000237e91    0x2142b bsp/board/board_triboard_TC2X7_V1.0/board.o
 .debug_macro   0x00000000002592bc     0x8c32 bsp/board/board_triboard_TC2X7_V1.0/board.o
 .debug_macro   0x0000000000261eee     0x3312 bsp/board/board_triboard_TC2X7_V1.0/board.o
 .debug_macro   0x0000000000265200     0x33e2 bsp/board/board_triboard_TC2X7_V1.0/board.o
 .debug_macro   0x00000000002685e2     0xd864 bsp/board/board_triboard_TC2X7_V1.0/board.o
 .debug_macro   0x0000000000275e46     0x4a23 bsp/board/board_triboard_TC2X7_V1.0/board.o
 .debug_macro   0x000000000027a869     0x6ad0 bsp/board/board_triboard_TC2X7_V1.0/board.o
 .debug_macro   0x0000000000281339      0x3ef bsp/board/board_triboard_TC2X7_V1.0/board.o
 .debug_macro   0x0000000000281728     0x1b36 bsp/board/board_triboard_TC2X7_V1.0/board.o
 .debug_macro   0x000000000028325e     0xbed6 bsp/board/board_triboard_TC2X7_V1.0/board.o
 .debug_macro   0x000000000028f134     0x5054 bsp/board/board_triboard_TC2X7_V1.0/board.o
 .debug_macro   0x0000000000294188      0x359 bsp/board/board_triboard_TC2X7_V1.0/board.o
 .debug_macro   0x00000000002944e1       0x2b bsp/board/board_triboard_TC2X7_V1.0/board.o
 .debug_macro   0x000000000029450c       0x11 bsp/board/board_triboard_TC2X8_V1.1/board.o
 .debug_macro   0x000000000029451d       0x11 bsp/board/board_triboard_TC2X9_V1.1/board.o
 .debug_macro   0x000000000029452e       0x11 bsp/board/board_triboard_TC2X9_V2.0/board.o
 .debug_macro   0x000000000029453f       0x11 bsp/board/board_triboard_TC2X9_V2.1/board.o
 .debug_macro   0x0000000000294550      0xa20 bsp/board/bsp_board.o
 .debug_macro   0x0000000000294f70      0xa20 bsp/isr/bsp_isr.o
 .debug_macro   0x0000000000295990      0xc1d bsp/isr/bsp_isr_vector_table.o
 .debug_macro   0x00000000002965ad      0xbcd bsp/isr/bsp_traps_tc2.o
 .debug_macro   0x000000000029717a      0xa20 bsp/uc/bsp_uc.o
 .debug_macro   0x0000000000297b9a      0xa20 bsp/uc/uc_tc27/uc_tc27.o
 .debug_macro   0x00000000002985ba      0xa66 src/shared_main.o

Cross Reference Table

Symbol                                            File
BSP_ISR_VECTOR_TABLE_CPU0                         bsp/isr/bsp_isr_vector_table.o
                                                  bsp/uc/bsp_uc.o
                                                  bsp/isr/bsp_isr.o
BSP_ISR_VECTOR_TABLE_CPU1                         bsp/isr/bsp_isr_vector_table.o
                                                  bsp/uc/bsp_uc.o
                                                  bsp/isr/bsp_isr.o
BSP_ISR_VECTOR_TABLE_CPU2                         bsp/isr/bsp_isr_vector_table.o
                                                  bsp/uc/bsp_uc.o
                                                  bsp/isr/bsp_isr.o
BSP_TRAP_VECTOR_TABLE                             bsp/isr/bsp_traps_tc2.o
BspIsrRamTable_Cpu0                               bsp/isr/bsp_isr.o
                                                  bsp/isr/bsp_isr_vector_table.o
BspIsrRamTable_Cpu1                               bsp/isr/bsp_isr.o
                                                  bsp/isr/bsp_isr_vector_table.o
BspIsrRamTable_Cpu2                               bsp/isr/bsp_isr.o
                                                  bsp/isr/bsp_isr_vector_table.o
Crt0BssInit                                       crt0/tc2x_crt0.o
Crt0CtorInit                                      crt0/tc2x_crt0.o
Crt0DataInit                                      crt0/tc2x_crt0.o
Crt0PostInit                                      src/shared_main.o
                                                  crt0/tc2x_crt0.o
Crt0PreInit                                       src/shared_main.o
                                                  crt0/tc2x_crt0.o
TimerMulticoreIsrHandler                          src/shared_main.o
Trap_0_Handler                                    bsp/isr/bsp_traps_tc2.o
Trap_1_Handler                                    bsp/isr/bsp_traps_tc2.o
Trap_2_Handler                                    bsp/isr/bsp_traps_tc2.o
Trap_3_Handler                                    bsp/isr/bsp_traps_tc2.o
Trap_4_Handler                                    bsp/isr/bsp_traps_tc2.o
Trap_5_Handler                                    bsp/isr/bsp_traps_tc2.o
Trap_6_Handler                                    bsp/isr/bsp_traps_tc2.o
Trap_7_Handler                                    bsp/isr/bsp_traps_tc2.o
__crt0_config                                     crt0/tc2x_crt0.o
_crt0_reset                                       crt0/tc2x_crt0.o
                                                  bsp/uc/bsp_uc.o
_start                                            crt0/tc2x_crt0.o
board_led                                         bsp/board/board_triboard_TC2X7_V1.0/board.o
                                                  bsp/board/bsp_board.o
bsp_board_led_Init                                bsp/board/bsp_board.o
bsp_board_led_InitAll                             bsp/board/bsp_board.o
                                                  src/shared_main.o
bsp_board_led_Set                                 bsp/board/bsp_board.o
                                                  src/shared_main.o
bsp_board_wdg_Disable                             bsp/board/board_triboard_TC2X7_V1.0/board.o
                                                  src/shared_main.o
bsp_isr_Init                                      bsp/isr/bsp_isr.o
                                                  src/shared_main.o
bsp_isr_RegisterHandler                           bsp/isr/bsp_isr.o
                                                  src/shared_main.o
bsp_uc_InitClock                                  bsp/uc/bsp_uc.o
                                                  src/shared_main.o
bsp_uc_ccu_SelectExtClk0                          bsp/uc/bsp_uc.o
bsp_uc_ccu_SelectExtClk1                          bsp/uc/bsp_uc.o
bsp_uc_core_EnableDCache                          bsp/uc/bsp_uc.o
bsp_uc_core_EnableICache                          bsp/uc/bsp_uc.o
                                                  src/shared_main.o
bsp_uc_core_GetCurrentCore                        bsp/uc/bsp_uc.o
                                                  src/shared_main.o
                                                  bsp/isr/bsp_isr.o
bsp_uc_core_GetCurrentInterruptPriority           bsp/uc/bsp_uc.o
bsp_uc_core_StartAllCores                         bsp/uc/bsp_uc.o
                                                  src/shared_main.o
bsp_uc_core_StartCore                             bsp/uc/bsp_uc.o
bsp_uc_dflash_SetWs                               bsp/uc/bsp_uc.o
bsp_uc_intc_EnableExternalInterrupts              bsp/uc/bsp_uc.o
                                                  src/shared_main.o
bsp_uc_intc_InitBIV                               bsp/uc/bsp_uc.o
bsp_uc_intc_SetBIV                                bsp/uc/bsp_uc.o
                                                  bsp/isr/bsp_isr.o
bsp_uc_intc_stm_SetSRC                            bsp/uc/bsp_uc.o
                                                  src/shared_main.o
bsp_uc_pflash_SetWs                               bsp/uc/bsp_uc.o
bsp_uc_port_EnableInput                           bsp/uc/bsp_uc.o
bsp_uc_port_EnableOutput                          bsp/uc/bsp_uc.o
                                                  bsp/board/bsp_board.o
bsp_uc_port_GetGPIO                               bsp/uc/bsp_uc.o
bsp_uc_port_SetGPIO                               bsp/uc/bsp_uc.o
                                                  bsp/board/bsp_board.o
bsp_uc_scu_EnablePLL                              bsp/uc/bsp_uc.o
bsp_uc_scu_EnablePLLEray                          bsp/uc/bsp_uc.o
bsp_uc_scu_EnableXOSC                             bsp/uc/bsp_uc.o
bsp_uc_scu_SetCcuCon                              bsp/uc/bsp_uc.o
bsp_uc_scu_SwitchSystemClock                      bsp/uc/bsp_uc.o
bsp_uc_scu_wdt_DisableCpuWatchdog                 bsp/uc/bsp_uc.o
                                                  src/shared_main.o
bsp_uc_scu_wdt_DisableSafetyWatchdog              bsp/uc/bsp_uc.o
                                                  src/shared_main.o
bsp_uc_stm_ClearChannelIsrFlag                    bsp/uc/bsp_uc.o
                                                  src/shared_main.o
bsp_uc_stm_EnableChannelIsr                       bsp/uc/bsp_uc.o
                                                  src/shared_main.o
bsp_uc_stm_GetChannelCurrentValue                 bsp/uc/bsp_uc.o
                                                  src/shared_main.o
bsp_uc_stm_IsChannelIsrFlag                       bsp/uc/bsp_uc.o
bsp_uc_stm_ReloadChannel                          bsp/uc/bsp_uc.o
                                                  src/shared_main.o
bsp_uc_stm_Wait                                   bsp/uc/bsp_uc.o
isr_undef_handler                                 bsp/isr/bsp_isr.o
lock_safety_wdtcon                                d:/hightectricore_entrytoolchain/toolchains/tricore/v4.9.3.0-infineon-1.0/bin/../lib/gcc/tricore/4.9.4/../../../../tricore/lib/tc161/short-double\libos.a(wdtcon.o)
                                                  bsp/uc/bsp_uc.o
lock_wdtcon                                       d:/hightectricore_entrytoolchain/toolchains/tricore/v4.9.3.0-infineon-1.0/bin/../lib/gcc/tricore/4.9.4/../../../../tricore/lib/tc161/short-double\libos.a(wdtcon.o)
                                                  bsp/uc/bsp_uc.o
shared_main                                       src/shared_main.o
                                                  crt0/tc2x_crt0.o
unlock_safety_wdtcon                              d:/hightectricore_entrytoolchain/toolchains/tricore/v4.9.3.0-infineon-1.0/bin/../lib/gcc/tricore/4.9.4/../../../../tricore/lib/tc161/short-double\libos.a(wdtcon.o)
                                                  bsp/uc/bsp_uc.o
unlock_wdtcon                                     d:/hightectricore_entrytoolchain/toolchains/tricore/v4.9.3.0-infineon-1.0/bin/../lib/gcc/tricore/4.9.4/../../../../tricore/lib/tc161/short-double\libos.a(wdtcon.o)
                                                  bsp/uc/bsp_uc.o
unusedVar1                                        src/shared_main.o
