******************************************************************************
             TMS320C2000 Linker PC v22.6.1                     
******************************************************************************
>> Linked Thu Oct 24 17:54:46 2024

OUTPUT FILE NAME:   <universal_motorcontrol_lab_f280013x.out>
ENTRY POINT SYMBOL: "code_start"  address: 00080000


MEMORY CONFIGURATION

         name            origin    length      used     unused   attr    fill
----------------------  --------  ---------  --------  --------  ----  --------
  BOOT_RSVD             00000002   00000126  00000000  00000126  RWIX
  RAMM0S                00000128   00000158  00000100  00000058  RWIX
  RAMM1D                00000280   00000578  000003c2  000001b6  RWIX
  RAMM1_RSVD            000007f8   00000008  00000000  00000008  RWIX
  ADCARESULT            00000b00   00000018  00000000  00000018  RWIX
  ADCCRESULT            00000b40   00000018  00000000  00000018  RWIX
  CPUTIMER0             00000c00   00000008  00000000  00000008  RWIX
  CPUTIMER1             00000c08   00000008  00000000  00000008  RWIX
  CPUTIMER2             00000c10   00000008  00000000  00000008  RWIX
  PIECTRL               00000ce0   0000001a  00000000  0000001a  RWIX
  PIEVECTTABLE          00000d00   00000200  00000000  00000200  RWIX
  EPWM1                 00004000   00000100  00000000  00000100  RWIX
  EPWM2                 00004100   00000100  00000000  00000100  RWIX
  EPWM3                 00004200   00000100  00000000  00000100  RWIX
  EPWM4                 00004300   00000100  00000000  00000100  RWIX
  EPWM5                 00004400   00000100  00000000  00000100  RWIX
  EPWM6                 00004500   00000100  00000000  00000100  RWIX
  EPWM7                 00004600   00000100  00000000  00000100  RWIX
  EQEP1                 00005100   00000040  00000000  00000040  RWIX
  ECAP1                 00005200   00000020  00000000  00000020  RWIX
  ECAP2                 00005240   00000020  00000000  00000020  RWIX
  CMPSS1                00005500   00000040  00000000  00000040  RWIX
  CMPSSLITE2            00005540   00000040  00000000  00000040  RWIX
  CMPSSLITE3            00005580   00000040  00000000  00000040  RWIX
  CMPSSLITE4            000055c0   00000040  00000000  00000040  RWIX
  SPIA                  00006100   00000010  00000000  00000010  RWIX
  WD                    00007000   0000002c  00000000  0000002c  RWIX
  NMIINTRUPT            00007060   00000010  00000000  00000010  RWIX
  XINT                  00007070   0000000c  00000000  0000000c  RWIX
  SCIA                  00007200   00000010  00000000  00000010  RWIX
  SCIB                  00007210   00000010  00000000  00000010  RWIX
  SCIC                  00007220   00000010  00000000  00000010  RWIX
  I2CA                  00007300   00000022  00000000  00000022  RWIX
  I2CB                  00007340   00000022  00000000  00000022  RWIX
  ADCA                  00007400   00000080  00000000  00000080  RWIX
  ADCC                  00007500   00000080  00000000  00000080  RWIX
  INPUTXBAR             00007900   00000020  00000000  00000020  RWIX
  XBAR                  00007920   00000020  00000000  00000020  RWIX
  SYNCSOC               00007940   00000006  00000000  00000006  RWIX
  EPWMXBAR              00007a00   00000040  00000000  00000040  RWIX
  OUTPUTXBAR            00007a80   00000040  00000000  00000040  RWIX
  GPIOCTRL              00007c00   00000200  00000000  00000200  RWIX
  GPIODATA              00007f00   00000040  00000000  00000040  RWIX
  GPIODATAREAD          00007f80   00000010  00000000  00000010  RWIX
  RAMLS0F               00008000   00000600  000005a8  00000058  RWIX
  RAMLS0D               00008600   00001a00  00000032  000019ce  RWIX
  RAMLS1P               0000a000   00001ff8  00001396  00000c62  RWIX
  CANA                  00048000   00000200  00000000  00000200  RWIX
  DEVCFG                0005d000   000001ac  00000000  000001ac  RWIX
  CLKCFG                0005d200   00000100  00000000  00000100  RWIX
  CPUSYS                0005d300   00000100  00000000  00000100  RWIX
  SYSSTATUS             0005d400   00000040  00000000  00000040  RWIX
  ANALOGSUBSYS          0005d700   0000012a  00000000  0000012a  RWIX
  DCC0                  0005e700   00000038  00000000  00000038  RWIX
  EPG1                  0005ec00   00000050  00000000  00000050  RWIX
  EPG1MUX               0005ecd0   00000010  00000000  00000010  RWIX
  DCSMZ1                0005f000   0000003e  00000000  0000003e  RWIX
  DCSMZ2                0005f080   0000003e  00000000  0000003e  RWIX
  DCSMCOMMON            0005f0c0   00000040  00000000  00000040  RWIX
  MEMCFG                0005f400   000000c0  00000000  000000c0  RWIX
  ACCESSPROTECTION      0005f500   0000003e  00000000  0000003e  RWIX
  MEMORYERROR           0005f540   00000040  00000000  00000040  RWIX
  TESTERROR             0005f590   00000010  00000000  00000010  RWIX
  FLASH0CTRL            0005f800   00000182  00000000  00000182  RWIX
  FLASH0ECC             0005fb00   00000028  00000000  00000028  RWIX
  DCSMZ1OTP             00078000   00000020  00000000  00000020  RWIX
  DCSMZ2OTP             00078200   00000020  00000000  00000020  RWIX
  BEGIN                 00080000   00000002  00000002  00000000  RWIX
  FLASHBANK0_BOOT       00080002   00001ffe  00000000  00001ffe  RWIX
  FLASHBANK0_FAST       00082000   00004000  000015af  00002a51  RWIX
  FLASHBANK0_DATA       00086000   00002000  00000000  00002000  RWIX
  FLASHBANK0_CODE       0009a000   00005ff0  00003aba  00002536  RWIX
  RESET                 003fffc0   00000002  00000000  00000002  RWIX


SECTION ALLOCATION MAP

 output                                  attributes/
section   page    origin      length       input sections
--------  ----  ----------  ----------   ----------------
.reset     0    003fffc0    00000000     DSECT

ctrlfuncs 
*          0    0000a000    00000000     UNINITIALIZED

codestart 
*          0    00080000    00000002     
                  00080000    00000002     f280013x_codestartbranch.obj (codestart)

.TI.ramfunc 
*          0    0009a000    00001396     RUN ADDR = 0000a000
                  0009a000    0000081a     motor1_drive.obj (.TI.ramfunc:motor1CtrlISR)
                  0009a81a    0000072e     fast_full_lib_eabi.lib : est_flib_priv.obj (.TI.ramfunc:EST_runEst)
                  0009af48    00000213                            : est_all_identify_flib_priv.obj (.TI.ramfunc:EST_configureTrajState)
                  0009b15b    000000b4                            : est_flib_priv.obj (.TI.ramfunc:EST_run)
                  0009b20f    0000007f                            : est_all_run_flib_priv.obj (.TI.ramfunc:EST_setupTrajState)
                  0009b28e    0000005d                            : est_Traj_flib_priv.obj (.TI.ramfunc:EST_Traj_run)
                  0009b2eb    00000054     driverlib.lib : flash.obj (.TI.ramfunc:Flash_initModule)
                  0009b33f    00000016     fast_full_lib_eabi.lib : est_flib_priv.obj (.TI.ramfunc:EST_doSpeedCtrl)
                  0009b355    0000000f                            : est_flib_priv.obj (.TI.ramfunc:EST_updateId_ref_A)
                  0009b364    0000000a                            : est_flib_priv.obj (.TI.ramfunc:EST_doCurrentCtrl)
                  0009b36e    00000009                            : est_flib_priv.obj (.TI.ramfunc:EST_getIntValue_spd_Hz)
                  0009b377    00000008                            : est_flib_priv.obj (.TI.ramfunc:EST_getIdRated_A)
                  0009b37f    00000007                            : est_flib_priv.obj (.TI.ramfunc:EST_getIntValue_Id_A)
                  0009b386    00000006                            : est_flib_priv.obj (.TI.ramfunc:EST_runTraj)
                  0009b38c    00000004                            : est_flib_priv.obj (.TI.ramfunc:EST_isEnabled)
                  0009b390    00000004     driverlib.lib : sysctl.obj (.TI.ramfunc)
                  0009b394    00000002     fast_full_lib_eabi.lib : est_flib_priv.obj (.TI.ramfunc:EST_getState)

dclfuncs   0    0009b396    00000000     UNINITIALIZEDRUN ADDR = 0000b396

dcl32funcs 
*          0    0009b396    00000000     UNINITIALIZEDRUN ADDR = 0000b396

.text      0    0009b398    0000266c     
                  0009b398    00000368     motor1_drive.obj (.text:runMotor1OffsetsCalculation)
                  0009b700    000002f9     motor1_drive.obj (.text:initMotor1CtrlParameters)
                  0009b9f9    000002f6     motor1_drive.obj (.text:runMotor1Control)
                  0009bcef    00000259     user_mtr1.obj (.text:USER_setMotor1Params)
                  0009bf48    00000217     hal.obj (.text:HAL_setupPWMs)
                  0009c15f    000001eb     sys_main.obj (.text:main)
                  0009c34a    000001e3     motor_common.obj (.text:runMotorMonitor)
                  0009c52d    000001dd     hal.obj (.text:HAL_setupGPIOs)
                  0009c70a    00000145     driverlib.lib : sysctl.obj (.text:SysCtl_setClock)
                  0009c84f    0000010d     motor_common.obj (.text:setupControllers)
                  0009c95c    000000e5     hal.obj (.text:HAL_setupADCs)
                  0009ca41    000000dd     driverlib.lib : sysctl.obj (.text:SysCtl_isPLLValid)
                  0009cb1e    000000d6     motor_common.obj (.text:updateGlobalVariables)
                  0009cbf4    000000c9     hal.obj (.text:HAL_setupMtrFaults)
                  0009ccbd    000000ad     motor_common.obj (.text:resetMotorControl)
                  0009cd6a    00000088     rts2800_fpu32_eabi.lib : fs_div28.asm.obj (.text)
                  0009cdf2    00000080     motor_common.obj (.text:calculateRMSData)
                  0009ce72    0000007b     driverlib.lib : gpio.obj (.text:GPIO_setAnalogMode)
                  0009ceed    00000071     device.obj (.text:Device_enableAllPeripherals)
                  0009cf5e    00000071     hal.obj (.text:HAL_setupI2CA)
                  0009cfcf    00000063     device.obj (.text:Device_init)
                  0009d032    00000061     motor_common.obj (.text:runRsOnLine)
                  0009d093    00000056     dac128s085.obj (.text:DAC128S_writeData)
                  0009d0e9    00000052     hal.obj (.text:HAL_MTR_setParams)
                  0009d13b    00000052     hal.obj (.text:HAL_setupSCIA)
                  0009d18d    00000051     hal.obj (.text:HAL_enableDRV)
                  0009d1de    00000051     motor_common.obj (.text:collectRMSData)
                  0009d22f    0000004f     dac128s085.obj (.text:DAC128S_setupSPI)
                  0009d27e    0000004f     motor_common.obj (.text:restartMotorControl)
                  0009d2cd    00000048     hal.obj (.text:HAL_setupCMPSSs)
                  0009d315    00000045     driverlib.lib : sysctl.obj (.text:SysCtl_selectXTAL)
                  0009d35a    00000041                   : interrupt.obj (.text:Interrupt_initModule)
                  0009d39b    0000003f                   : gpio.obj (.text:GPIO_setPadConfig)
                  0009d3da    0000003e                   : sysctl.obj (.text:SysCtl_pollX1Counter)
                  0009d418    0000003d     motor_common.obj (.text:calcMotorOverCurrentThreshold)
                  0009d455    0000003c     driverlib.lib : i2c.obj (.text:I2C_initController)
                  0009d491    00000038                   : adc.obj (.text:ADC_setOffsetTrimAll)
                  0009d4c9    00000036                   : interrupt.obj (.text:Interrupt_enable)
                  0009d4ff    00000031     dac128s085.obj (.text:DAC128S_writeCommand)
                  0009d530    00000030     driverlib.lib : gpio.obj (.text:GPIO_setPinConfig)
                  0009d560    00000030     rts2800_fpu32_eabi.lib : copy_decompress_lzss.c.obj (.text:decompress:lzss)
                  0009d590    0000002b     driverlib.lib : xbar.obj (.text:XBAR_setEPWMMuxConfig)
                  0009d5bb    0000002b     rts2800_fpu32_eabi.lib : autoinit.c.obj (.text:__TI_auto_init_nobinit_nopinit)
                  0009d5e6    0000002a     hal.obj (.text:HAL_setupTimeBaseTimer)
                  0009d610    00000029     hal.obj (.text:HAL_init)
                  0009d639    00000029     rts2800_fpu32_eabi.lib : exit.c.obj (.text)
                  0009d662    00000026     driverlib.lib : sysctl.obj (.text:SysCtl_selectOscSource)
                  0009d688    00000024     dclink_ss.obj (.text:DCLINK_SS_setInitialConditions)
                  0009d6ac    00000024     hal.obj (.text:HAL_setParams)
                  0009d6d0    00000023     driverlib.lib : sci.obj (.text:SCI_setConfig)
                  0009d6f3    00000022                   : gpio.obj (.text:GPIO_setQualificationMode)
                  0009d715    00000021     hal.obj (.text:HAL_MTR1_init)
                  0009d736    00000021     driverlib.lib : sysctl.obj (.text:SysCtl_selectXTALSingleEnded)
                  0009d757    00000020                   : gpio.obj (.text:GPIO_setDirectionMode)
                  0009d777    00000020     hal.obj (.text:HAL_setTriggerPrams)
                  0009d797    0000001f     driverlib.lib : spi.obj (.text:SPI_setConfig)
                  0009d7b6    0000001e                   : spi.obj (.text:SPI_clearInterruptStatus)
                  0009d7d4    0000001d     rts2800_fpu32_eabi.lib : memcpy.c.obj (.text)
                  0009d7f1    0000001c     driverlib.lib : sci.obj (.text:SCI_clearInterruptStatus)
                  0009d80d    0000001b                   : gpio.obj (.text:GPIO_setQualificationPeriod)
                  0009d828    0000001b     hal.obj (.text:HAL_setupCPUUsageTimer)
                  0009d843    0000001a     motor1_drive.obj (.text:initMotor1Handles)
                  0009d85d    00000019     driverlib.lib : adc.obj (.text:ADC_setVREF)
                  0009d876    00000019                   : cmpss.obj (.text:CMPSS_configFilterHigh)
                  0009d88f    00000019     motor_common.obj (.text:setupClarke_I)
                  0009d8a8    00000017     rts2800_fpu32_eabi.lib : boot28.asm.obj (.text)
                  0009d8bf    00000015     driverlib.lib : interrupt.obj (.text:Interrupt_initVectorTable)
                  0009d8d4    00000014     motor_common.obj (.text:setupClarke_V)
                  0009d8e8    00000013     driverlib.lib : i2c.obj (.text:I2C_enableInterrupt)
                  0009d8fb    00000011                   : i2c.obj (.text:I2C_clearInterruptStatus)
                  0009d90c    00000011     communication.obj (.text:canaISR)
                  0009d91d    00000010     device.obj (.text:Device_initGPIO)
                  0009d92d    00000010     motor_common.obj (.text:stopMotorControl)
                  0009d93d    0000000d     hal.obj (.text:HAL_enableCtrlInts)
                  0009d94a    0000000c     hal.obj (.text:HAL_MTR_setGateDriver)
                  0009d956    0000000c     driverlib.lib : interrupt.obj (.text:Interrupt_defaultHandler)
                  0009d962    0000000c     rts2800_fpu32_eabi.lib : args_main.c.obj (.text)
                  0009d96e    0000000a     dac128s085.obj (.text:DAC128S_init)
                  0009d978    0000000a     driverlib.lib : interrupt.obj (.text:Interrupt_illegalOperationHandler)
                  0009d982    0000000a                   : interrupt.obj (.text:Interrupt_nmiHandler)
                  0009d98c    00000009                   : epwm.obj (.text:EPWM_setEmulationMode)
                  0009d995    00000009     rts2800_fpu32_eabi.lib : _lock.c.obj (.text)
                  0009d99e    00000008                            : copy_decompress_none.c.obj (.text:decompress:none)
                  0009d9a6    00000008     f280013x_codestartbranch.obj (.text)
                  0009d9ae    00000007     hal.obj (.text:HAL_clearDataRAM)
                  0009d9b5    00000007     rts2800_fpu32_eabi.lib : memset.c.obj (.text)
                  0009d9bc    00000006     driverlib.lib : cputimer.obj (.text:CPUTimer_setEmulationMode)
                  0009d9c2    00000006     filter_fo.obj (.text:FILTER_FO_setInitialConditions)
                  0009d9c8    00000006     rts2800_fpu32_eabi.lib : copy_zero_init.c.obj (.text:decompress:ZI)
                  0009d9ce    00000005     filter_fo.obj (.text:FILTER_FO_setNumCoeffs)
                  0009d9d3    00000004     clarke.obj (.text:CLARKE_init)
                  0009d9d7    00000004     dclink_ss.obj (.text:DCLINK_SS_init)
                  0009d9db    00000004     filter_fo.obj (.text:FILTER_FO_init)
                  0009d9df    00000004     hal.obj (.text:HAL_enableGlobalInts)
                  0009d9e3    00000004     hal.obj (.text:HAL_setMtrCMPSSDACValue)
                  0009d9e7    00000004     ipark.obj (.text:IPARK_init)
                  0009d9eb    00000004     park.obj (.text:PARK_init)
                  0009d9ef    00000004     pi.obj (.text:PI_init)
                  0009d9f3    00000004     svgen.obj (.text:SVGEN_init)
                  0009d9f7    00000004     traj.obj (.text:TRAJ_init)
                  0009d9fb    00000003     filter_fo.obj (.text:FILTER_FO_setDenCoeffs)
                  0009d9fe    00000003     hal.obj (.text:HAL_enableDebugInt)
                  0009da01    00000002     rts2800_fpu32_eabi.lib : pre_init.c.obj (.text)
                  0009da03    00000001                            : startup.c.obj (.text)

.cinit     0    0009da80    0000003c     
                  0009da80    00000009     (.cinit..data.load) [load image, compression = lzss]
                  0009da89    00000001     --HOLE-- [fill = 0]
                  0009da8a    00000006     (__TI_handler_table)
                  0009da90    00000004     (.cinit.est_data.load) [load image, compression = zero_init]
                  0009da94    00000004     (.cinit.foc_data.load) [load image, compression = zero_init]
                  0009da98    00000004     (.cinit.hal_data.load) [load image, compression = zero_init]
                  0009da9c    00000004     (.cinit.sys_data.load) [load image, compression = zero_init]
                  0009daa0    00000004     (.cinit.user_data.load) [load image, compression = zero_init]
                  0009daa4    00000018     (__TI_cinit_table)

.const     0    0009da04    0000007c     
                  0009da04    00000004     fast_full_lib_eabi.lib : est_Iab_flib_priv.obj (.const)
                  0009da08    00000004                            : est_Idq_flib_priv.obj (.const)
                  0009da0c    00000004                            : est_Vdq_flib_priv.obj (.const)
                  0009da10    00000030     --HOLE-- [fill = 0]
                  0009da40    00000040                            : est_flib_priv.obj (.const)

.init_array 
*          0    0009a000    00000000     UNINITIALIZED

.stack     0    00000128    00000100     UNINITIALIZED
                  00000128    00000100     --HOLE--

.data      0    00000536    0000000a     UNINITIALIZED
                  00000536    00000006     rts2800_fpu32_eabi.lib : exit.c.obj (.data)
                  0000053c    00000002                            : _lock.c.obj (.data:_lock)
                  0000053e    00000002                            : _lock.c.obj (.data:_unlock)

fastCode   0    00082000    000015af     
                  00082000    00000408     fast_full_lib_eabi.lib : est_flib_priv.obj (.text:EST_setParams)
                  00082408    00000284                            : est_flib_priv.obj (.text:EST_updateState)
                  0008268c    000001be                            : est_flib_priv.obj (.text:EST_reset)
                  0008284a    0000010f                            : est_Traj_flib_priv.obj (.text:EST_Traj_configure)
                  00082959    000000c4                            : est_flib_priv.obj (.text:EST_init)
                  00082a1d    000000ab                            : est_Traj_flib_priv.obj (.text:EST_Traj_setParams)
                  00082ac8    00000086                            : est_Dir_flib_priv.obj (.text:EST_Dir_setLpFilterParams)
                  00082b4e    00000077                            : user_flib_priv.obj (.text:USER_setParams_priv)
                  00082bc5    0000005c                            : est_Flux_flib_priv.obj (.text:EST_Flux_setParams)
                  00082c21    00000059                            : est_Traj_flib_priv.obj (.text:EST_Traj_updateState)
                  00082c7a    0000004e                            : est_Freq_flib_priv.obj (.text:EST_Freq_setParams)
                  00082cc8    0000004a                            : est_Dir_flib_priv.obj (.text:EST_Dir_setHpFilterParams)
                  00082d12    0000004a                            : est_Flux_ab_flib_priv.obj (.text:EST_Flux_ab_setDerFilterParams)
                  00082d5c    0000004a                            : est_Iab_flib_priv.obj (.text:EST_Iab_setLpFilterParams)
                  00082da6    0000004a                            : est_Idq_flib_priv.obj (.text:EST_Idq_setLpFilterParams)
                  00082df0    0000004a                            : est_Vdq_flib_priv.obj (.text:EST_Vdq_setLpFilterParams)
                  00082e3a    00000045                            : est_RsOnLine_flib_priv.obj (.text:EST_RsOnLine_setParams)
                  00082e7f    0000003f                            : est_Ls_flib_priv.obj (.text:EST_Ls_setParams)
                  00082ebe    0000003d                            : est_RsOnLine_flib_priv.obj (.text:EST_RsOnLine_setLpFilterParams)
                  00082efb    0000003a                            : est_Flux_flib_priv.obj (.text:EST_Flux_updateState)
                  00082f35    00000035                            : est_Ls_flib_priv.obj (.text:EST_Ls_updateState)
                  00082f6a    00000033                            : est_Rr_flib_priv.obj (.text:EST_Rr_updateState)
                  00082f9d    00000033                            : est_Rs_flib_priv.obj (.text:EST_Rs_updateState)
                  00082fd0    00000031                            : est_Dir_flib_priv.obj (.text:EST_Dir_init)
                  00083001    0000002e                            : est_Iab_flib_priv.obj (.text:EST_Iab_resetLpFilters)
                  0008302f    0000002a                            : est_Freq_flib_priv.obj (.text:EST_Freq_setDerFilterParams)
                  00083059    0000002a                            : est_Freq_flib_priv.obj (.text:EST_Freq_setLpFilterParams)
                  00083083    0000002a                            : est_Vdq_flib_priv.obj (.text:EST_Vdq_resetLpFilters)
                  000830ad    00000029                            : est_OneOverDcBus_flib_priv.obj (.text:EST_OneOverDcBus_setParams)
                  000830d6    00000029                            : est_RsOnLine_flib_priv.obj (.text:EST_RsOnLine_init)
                  000830ff    00000029                            : est_flib_priv.obj (.text:EST_setFluxBeta_lp)
                  00083128    00000028                            : est_flib_priv.obj (.text:EST_computeTorque_Nm)
                  00083150    00000026                            : est_Angle_flib_priv.obj (.text:EST_Angle_setParams)
                  00083176    00000026                            : est_Idq_flib_priv.obj (.text:EST_Idq_resetLpFilters)
                  0008319c    0000001e                            : est_flib_priv.obj (.text:EST_computeLmag_H)
                  000831ba    0000001c                            : est_Dir_flib_priv.obj (.text:EST_Dir_resetLpFilters)
                  000831d6    0000001c                            : est_Rr_flib_priv.obj (.text:EST_Rr_setParams)
                  000831f2    0000001c                            : est_Rs_flib_priv.obj (.text:EST_Rs_setParams)
                  0008320e    0000001c                            : est_Traj_flib_priv.obj (.text:EST_Traj_init)
                  0008322a    0000001c                            : est_flib_priv.obj (.text:EST_setFreqBetaOmega_der)
                  00083246    0000001b                            : est_flib_priv.obj (.text:EST_setFlux_ab_betaOmega_der)
                  00083261    00000018                            : est_Traj_flib_priv.obj (.text:EST_Traj_reset)
                  00083279    00000016                            : est_Flux_ab_flib_priv.obj (.text:EST_Flux_ab_init)
                  0008328f    00000016                            : est_Freq_flib_priv.obj (.text:EST_Freq_init)
                  000832a5    00000016                            : est_Iab_flib_priv.obj (.text:EST_Iab_init)
                  000832bb    00000016                            : est_Iab_flib_priv.obj (.text:EST_Iab_setParams)
                  000832d1    00000016                            : est_Idq_flib_priv.obj (.text:EST_Idq_init)
                  000832e7    00000016                            : est_Vdq_flib_priv.obj (.text:EST_Vdq_init)
                  000832fd    00000015                            : est_flib_priv.obj (.text:EST_setFreqBeta_lp)
                  00083312    00000015                            : est_flib_priv.obj (.text:EST_setIab_beta_lp)
                  00083327    00000015                            : est_flib_priv.obj (.text:EST_setIdq_beta_lp)
                  0008333c    00000015                            : est_flib_priv.obj (.text:EST_setVdq_beta_lp)
                  00083351    00000013                            : est_Idq_flib_priv.obj (.text:EST_Idq_setParams)
                  00083364    00000012                            : est_Vdq_flib_priv.obj (.text:EST_Vdq_setParams)
                  00083376    00000012                            : est_flib_priv.obj (.text:EST_initEst)
                  00083388    00000010                            : est_Dir_flib_priv.obj (.text:EST_Dir_resetHpFilters)
                  00083398    00000010                            : est_Flux_ab_flib_priv.obj (.text:EST_Flux_ab_resetDerFilters)
                  000833a8    0000000f                            : est_Flux_flib_priv.obj (.text:EST_Flux_init)
                  000833b7    0000000f                            : est_OneOverDcBus_flib_priv.obj (.text:EST_OneOverDcBus_init)
                  000833c6    0000000f                            : est_all_setup_flib_priv.obj (.text:EST_setFreqLFP_sf)
                  000833d5    0000000e                            : est_flib_priv.obj (.text:EST_getFlux_Wb)
                  000833e3    0000000e                            : est_flib_priv.obj (.text:EST_getFm_lp_Hz)
                  000833f1    0000000c                            : est_all_setup_flib_priv.obj (.text:EST_setBemf_sf)
                  000833fd    0000000c                            : est_all_setup_flib_priv.obj (.text:EST_setOneOverFluxGain_sf)
                  00083409    0000000b                            : est_Dir_flib_priv.obj (.text:EST_Dir_setParams)
                  00083414    0000000a                            : est_Flux_ab_flib_priv.obj (.text:EST_Flux_ab_setParams)
                  0008341e    00000009                            : est_flib_priv.obj (.text:EST_computePower_W)
                  00083427    00000009                            : est_flib_priv.obj (.text:EST_setAngle_rad)
                  00083430    00000009                            : inverse_flib_priv.obj (.text:INVERSE_setParams)
                  00083439    00000008                            : est_flib_priv.obj (.text:EST_enableTraj)
                  00083441    00000008                            : est_flib_priv.obj (.text:EST_getLs_d_H)
                  00083449    00000008                            : est_flib_priv.obj (.text:EST_getLs_q_H)
                  00083451    00000008                            : est_flib_priv.obj (.text:EST_getRr_Ohm)
                  00083459    00000008                            : est_flib_priv.obj (.text:EST_getRsOnLine_Ohm)
                  00083461    00000008                            : est_flib_priv.obj (.text:EST_getRs_Ohm)
                  00083469    00000008                            : est_flib_priv.obj (.text:EST_isError)
                  00083471    00000008                            : est_flib_priv.obj (.text:EST_isIdle)
                  00083479    00000008                            : est_flib_priv.obj (.text:EST_isLockRotor)
                  00083481    00000008                            : est_flib_priv.obj (.text:EST_setFlag_enablePowerWarp)
                  00083489    00000008                            : est_flib_priv.obj (.text:EST_setLs_d_H)
                  00083491    00000008                            : est_flib_priv.obj (.text:EST_setLs_q_H)
                  00083499    00000008                            : est_flib_priv.obj (.text:EST_setRr_Ohm)
                  000834a1    00000008                            : est_flib_priv.obj (.text:EST_setRsOnLineId_A)
                  000834a9    00000008                            : est_flib_priv.obj (.text:EST_setRsOnLineId_mag_A)
                  000834b1    00000008                            : est_flib_priv.obj (.text:EST_setRsOnLine_Ohm)
                  000834b9    00000007                            : est_Eab_flib_priv.obj (.text:EST_Eab_setParams)
                  000834c0    00000007                            : est_Flux_flib_priv.obj (.text:EST_Flux_setWaitTimes)
                  000834c7    00000007                            : est_Freq_flib_priv.obj (.text:EST_Freq_resetDerFilter)
                  000834ce    00000007                            : est_Freq_flib_priv.obj (.text:EST_Freq_resetLpFilter)
                  000834d5    00000007                            : est_Ls_flib_priv.obj (.text:EST_Ls_setWaitTimes)
                  000834dc    00000007                            : est_Rr_flib_priv.obj (.text:EST_Rr_setWaitTimes)
                  000834e3    00000007                            : est_Rs_flib_priv.obj (.text:EST_Rs_setWaitTimes)
                  000834ea    00000007                            : est_flib_priv.obj (.text:EST_configureTraj)
                  000834f1    00000007                            : est_flib_priv.obj (.text:EST_disableTraj)
                  000834f8    00000007                            : est_flib_priv.obj (.text:EST_setMotorParams)
                  000834ff    00000007                            : est_flib_priv.obj (.text:EST_setWaitTimes)
                  00083506    00000007                            : est_flib_priv.obj (.text:EST_updateTrajState)
                  0008350d    00000006                            : est_Traj_flib_priv.obj (.text:EST_Traj_isError)
                  00083513    00000006                            : est_flib_priv.obj (.text:EST_getFe_rps)
                  00083519    00000006                            : est_flib_priv.obj (.text:EST_isTrajError)
                  0008351f    00000006                            : est_flib_priv.obj (.text:EST_setId_ref_A)
                  00083525    00000006                            : est_flib_priv.obj (.text:EST_setIq_ref_A)
                  0008352b    00000005                            : est_Edq_flib_priv.obj (.text:EST_Edq_setEdq_V)
                  00083530    00000005                            : est_Flux_dq_flib_priv.obj (.text:EST_Flux_dq_setFlux_Wb)
                  00083535    00000005                            : est_Vab_flib_priv.obj (.text:EST_Vab_setVab_V)
                  0008353a    00000005                            : est_flib_priv.obj (.text:EST_enable)
                  0008353f    00000005                            : est_flib_priv.obj (.text:EST_getTrajState)
                  00083544    00000004                            : est_Angle_flib_priv.obj (.text:EST_Angle_init)
                  00083548    00000004                            : est_Eab_flib_priv.obj (.text:EST_Eab_init)
                  0008354c    00000004                            : est_Edq_flib_priv.obj (.text:EST_Edq_init)
                  00083550    00000004                            : est_Flux_dq_flib_priv.obj (.text:EST_Flux_dq_init)
                  00083554    00000004                            : est_Ls_flib_priv.obj (.text:EST_Ls_init)
                  00083558    00000004                            : est_Rr_flib_priv.obj (.text:EST_Rr_init)
                  0008355c    00000004                            : est_Rs_flib_priv.obj (.text:EST_Rs_init)
                  00083560    00000004                            : est_Vab_flib_priv.obj (.text:EST_Vab_init)
                  00083564    00000004                            : est_flib_priv.obj (.text:EST_disable)
                  00083568    00000004                            : est_flib_priv.obj (.text:EST_getFlag_bypassLockRotor)
                  0008356c    00000004                            : est_flib_priv.obj (.text:EST_getFlag_enable)
                  00083570    00000004                            : est_flib_priv.obj (.text:EST_getFlag_enableRsOnLine_inline)
                  00083574    00000004                            : est_flib_priv.obj (.text:EST_getFlag_enableRsRecalc)
                  00083578    00000004                            : est_flib_priv.obj (.text:EST_getRoverL_rps_inline)
                  0008357c    00000004                            : est_flib_priv.obj (.text:EST_isMotorIdentified)
                  00083580    00000004                            : est_flib_priv.obj (.text:EST_setFlag_bypassLockRotor)
                  00083584    00000004                            : est_flib_priv.obj (.text:EST_setFlag_enable)
                  00083588    00000004                            : est_flib_priv.obj (.text:EST_setFlag_enableFluxControl)
                  0008358c    00000004                            : est_flib_priv.obj (.text:EST_setFlag_enableForceAngle)
                  00083590    00000004                            : est_flib_priv.obj (.text:EST_setFlag_enableRsOnLine_inline)
                  00083594    00000004                            : est_flib_priv.obj (.text:EST_setFlag_enableRsRecalc)
                  00083598    00000004                            : est_flib_priv.obj (.text:EST_setFlag_updateRs)
                  0008359c    00000004                            : inverse_flib_priv.obj (.text:INVERSE_init)
                  000835a0    00000003                            : est_flib_priv.obj (.text:EST_checkForErrors)
                  000835a3    00000003                            : est_all_setup_flib_priv.obj (.text:EST_getFASTVersion)
                  000835a6    00000003                            : est_flib_priv.obj (.text:EST_resetCounter_isr)
                  000835a9    00000003                            : est_flib_priv.obj (.text:EST_resetCounter_state)
                  000835ac    00000003                            : est_flib_priv.obj (.text:EST_setNumIsrTicksPerEstTick)

foc_data   0    00000280    00000298     UNINITIALIZED
                  00000280    00000298     motor1_drive.obj (foc_data)

hal_data   0    00000518    0000001e     UNINITIALIZED
                  00000518    0000001e     hal.obj (hal_data)

user_data 
*          0    00000540    00000102     UNINITIALIZED
                  00000540    00000102     user_mtr1.obj (user_data)

est_data   0    00008000    000005a8     UNINITIALIZED
                  00008000    000005a8     fast_full_lib_eabi.lib : est_flib_priv.obj (est_data)

sys_data   0    00008600    00000032     UNINITIALIZED
                  00008600    00000032     sys_main.obj (sys_data)

vibc_data 
*          0    00008600    00000000     UNINITIALIZED

dmaBuf_data 
*          0    00008600    00000000     UNINITIALIZED

SFRA_F32_Data 
*          0    00008600    00000000     UNINITIALIZED

datalog_data 
*          0    00008600    00000000     UNINITIALIZED

dbgc_data 
*          0    00008600    00000000     UNINITIALIZED

MODULE SUMMARY

       Module                           code    ro data   rw data
       ------                           ----    -------   -------
    .\
       sys_main.obj                     491     0         50     
    +--+--------------------------------+-------+---------+---------+
       Total:                           491     0         50     
                                                                 
    .\libraries\control\dclink_ss\
       dclink_ss.obj                    40      0         0      
    +--+--------------------------------+-------+---------+---------+
       Total:                           40      0         0      
                                                                 
    .\libraries\control\pi\
       pi.obj                           4       0         0      
    +--+--------------------------------+-------+---------+---------+
       Total:                           4       0         0      
                                                                 
    .\libraries\dacs\dac128s085\
       dac128s085.obj                   224     0         0      
    +--+--------------------------------+-------+---------+---------+
       Total:                           224     0         0      
                                                                 
    .\libraries\filter\filter_fo\
       filter_fo.obj                    18      0         0      
    +--+--------------------------------+-------+---------+---------+
       Total:                           18      0         0      
                                                                 
    .\libraries\transforms\clarke\
       clarke.obj                       4       0         0      
    +--+--------------------------------+-------+---------+---------+
       Total:                           4       0         0      
                                                                 
    .\libraries\transforms\ipark\
       ipark.obj                        4       0         0      
    +--+--------------------------------+-------+---------+---------+
       Total:                           4       0         0      
                                                                 
    .\libraries\transforms\park\
       park.obj                         4       0         0      
    +--+--------------------------------+-------+---------+---------+
       Total:                           4       0         0      
                                                                 
    .\libraries\transforms\svgen\
       svgen.obj                        4       0         0      
    +--+--------------------------------+-------+---------+---------+
       Total:                           4       0         0      
                                                                 
    .\libraries\utilities\traj\
       traj.obj                         4       0         0      
    +--+--------------------------------+-------+---------+---------+
       Total:                           4       0         0      
                                                                 
    .\src_board\
       hal.obj                          2126    0         30     
       user_mtr1.obj                    601     0         258    
    +--+--------------------------------+-------+---------+---------+
       Total:                           2727    0         288    
                                                                 
    .\src_control\
       motor1_drive.obj                 6565    0         664    
       motor_common.obj                 1646    0         0      
       communication.obj                17      0         0      
    +--+--------------------------------+-------+---------+---------+
       Total:                           8228    0         664    
                                                                 
    .\src_device\
       device.obj                       228     0         0      
       f280013x_codestartbranch.obj     10      0         0      
    +--+--------------------------------+-------+---------+---------+
       Total:                           238     0         0      
                                                                 
    ../src_device/driverlib.lib
       sysctl.obj                       756     0         0      
       gpio.obj                         327     0         0      
       interrupt.obj                    172     0         0      
       flash.obj                        168     0         0      
       i2c.obj                          96      0         0      
       adc.obj                          81      0         0      
       sci.obj                          63      0         0      
       spi.obj                          61      0         0      
       xbar.obj                         43      0         0      
       cmpss.obj                        25      0         0      
       epwm.obj                         9       0         0      
       cputimer.obj                     6       0         0      
    +--+--------------------------------+-------+---------+---------+
       Total:                           1807    0         0      
                                                                 
    ..\libraries\observers\est_lib\fast_full_lib_eabi.lib
       est_flib_priv.obj                7099    64        1448   
       est_all_identify_flib_priv.obj   1062    0         0      
       est_Traj_flib_priv.obj           775     0         0      
       est_Dir_flib_priv.obj            312     0         0      
       est_all_run_flib_priv.obj        254     0         0      
       est_Freq_flib_priv.obj           198     0         0      
       est_Flux_flib_priv.obj           172     0         0      
       est_RsOnLine_flib_priv.obj       171     0         0      
       est_Iab_flib_priv.obj            164     4         0      
       est_Vdq_flib_priv.obj            156     4         0      
       est_Idq_flib_priv.obj            153     4         0      
       est_Ls_flib_priv.obj             127     0         0      
       est_Flux_ab_flib_priv.obj        122     0         0      
       user_flib_priv.obj               119     0         0      
       est_Rr_flib_priv.obj             90      0         0      
       est_Rs_flib_priv.obj             90      0         0      
       est_OneOverDcBus_flib_priv.obj   56      0         0      
       est_Angle_flib_priv.obj          42      0         0      
       est_all_setup_flib_priv.obj      42      0         0      
       inverse_flib_priv.obj            13      0         0      
       est_Eab_flib_priv.obj            11      0         0      
       est_Edq_flib_priv.obj            9       0         0      
       est_Flux_dq_flib_priv.obj        9       0         0      
       est_Vab_flib_priv.obj            9       0         0      
    +--+--------------------------------+-------+---------+---------+
       Total:                           11255   76        1448   
                                                                 
    D:\CCSTUDIO-THEIA\CCSTheia1.5.1.00003_win64\CCSTheia1.5.1.00003_win64\ti\ccstheia151\ccs\tools\compiler\ti-cgt-c2000_22.6.1A23259\lib\rts2800_fpu32_eabi.lib
       fs_div28.asm.obj                 136     0         0      
       copy_decompress_lzss.c.obj       48      0         0      
       exit.c.obj                       41      0         6      
       autoinit.c.obj                   43      0         0      
       memcpy.c.obj                     29      0         0      
       boot28.asm.obj                   23      0         0      
       _lock.c.obj                      9       0         4      
       args_main.c.obj                  12      0         0      
       copy_decompress_none.c.obj       8       0         0      
       memset.c.obj                     7       0         0      
       copy_zero_init.c.obj             6       0         0      
       pre_init.c.obj                   2       0         0      
       startup.c.obj                    1       0         0      
    +--+--------------------------------+-------+---------+---------+
       Total:                           365     0         10     
                                                                 
       Stack:                           0       0         256    
       Linker Generated:                0       59        0      
    +--+--------------------------------+-------+---------+---------+
       Grand Total:                     25417   135       2716   


LINKER GENERATED COPY TABLES

__TI_cinit_table @ 0009daa4 records: 6, size/record: 4, table size: 24
	.data: load addr=0009da80, load size=00000009 bytes, run addr=00000536, run size=0000000a bytes, compression=lzss
	est_data: load addr=0009da90, load size=00000004 bytes, run addr=00008000, run size=000005a8 bytes, compression=zero_init
	foc_data: load addr=0009da94, load size=00000004 bytes, run addr=00000280, run size=00000298 bytes, compression=zero_init
	hal_data: load addr=0009da98, load size=00000004 bytes, run addr=00000518, run size=0000001e bytes, compression=zero_init
	sys_data: load addr=0009da9c, load size=00000004 bytes, run addr=00008600, run size=00000032 bytes, compression=zero_init
	user_data: load addr=0009daa0, load size=00000004 bytes, run addr=00000540, run size=00000102 bytes, compression=zero_init


LINKER GENERATED HANDLER TABLE

__TI_handler_table @ 0009da8a records: 3, size/record: 2, table size: 6
	index: 0, handler: __TI_decompress_lzss
	index: 1, handler: __TI_decompress_none
	index: 2, handler: __TI_zero_init


GLOBAL DATA SYMBOLS: SORTED BY DATA PAGE

address     data page           name
--------    ----------------    ----
00000128       4 (00000100)     __stack

00000280       a (00000280)     motorHandle_M1
00000282       a (00000280)     ipark_V_M1
00000286       a (00000280)     park_I_M1
0000028a       a (00000280)     park_V_M1
0000028e       a (00000280)     svgen_M1
00000292       a (00000280)     clarke_V_M1
00000298       a (00000280)     clarke_I_M1
0000029e       a (00000280)     traj_spd_M1
000002a8       a (00000280)     pi_Id_M1

000002c0       b (000002c0)     pi_Iq_M1
000002d0       b (000002c0)     pi_spd_M1
000002e0       b (000002c0)     halMtr_M1

00000300       c (00000300)     dclink_M1

00000340       d (00000340)     motorSetVars_M1

000003c0       f (000003c0)     motorVars_M1

00000518      14 (00000500)     halHandle
0000051a      14 (00000500)     hal
00000536      14 (00000500)     __TI_enable_exit_profile_output
00000538      14 (00000500)     __TI_cleanup_ptr
0000053a      14 (00000500)     __TI_dtors_ptr
0000053c      14 (00000500)     _lock
0000053e      14 (00000500)     _unlock

00000540      15 (00000540)     userParams_M1

00008000     200 (00008000)     est

00008600     218 (00008600)     dac128sHandle
00008602     218 (00008600)     systemVars
00008616     218 (00008600)     dac128s


GLOBAL SYMBOLS: SORTED ALPHABETICALLY BY Name 

page  address   name                             
----  -------   ----                             
0     0009d491  ADC_setOffsetTrimAll             
0     0009d85d  ADC_setVREF                      
0     0009d639  C$$EXIT                          
0     0009d9d3  CLARKE_init                      
0     0009d876  CMPSS_configFilterHigh           
0     0009d9bc  CPUTimer_setEmulationMode        
0     0009d96e  DAC128S_init                     
0     0009d22f  DAC128S_setupSPI                 
0     0009d4ff  DAC128S_writeCommand             
0     0009d093  DAC128S_writeData                
0     0009d9d7  DCLINK_SS_init                   
0     0009d688  DCLINK_SS_setInitialConditions   
0     0009ceed  Device_enableAllPeripherals      
0     0009cfcf  Device_init                      
0     0009d91d  Device_initGPIO                  
0     0009d98c  EPWM_setEmulationMode            
0     00083544  EST_Angle_init                   
0     00083150  EST_Angle_setParams              
0     00082fd0  EST_Dir_init                     
0     00083388  EST_Dir_resetHpFilters           
0     000831ba  EST_Dir_resetLpFilters           
0     00082cc8  EST_Dir_setHpFilterParams        
0     00082ac8  EST_Dir_setLpFilterParams        
0     00083409  EST_Dir_setParams                
0     00083548  EST_Eab_init                     
0     000834b9  EST_Eab_setParams                
0     0008354c  EST_Edq_init                     
0     0008352b  EST_Edq_setParams                
0     00083279  EST_Flux_ab_init                 
0     00083398  EST_Flux_ab_resetDerFilters      
0     00082d12  EST_Flux_ab_setDerFilterParams   
0     00083414  EST_Flux_ab_setParams            
0     00083550  EST_Flux_dq_init                 
0     00083530  EST_Flux_dq_setParams            
0     000833a8  EST_Flux_init                    
0     00082bc5  EST_Flux_setParams               
0     000834c0  EST_Flux_setWaitTimes            
0     00082efb  EST_Flux_updateState             
0     0008328f  EST_Freq_init                    
0     000834c7  EST_Freq_resetDerFilter          
0     000834ce  EST_Freq_resetLpFilter           
0     0008302f  EST_Freq_setDerFilterParams      
0     00083059  EST_Freq_setLpFilterParams       
0     00082c7a  EST_Freq_setParams               
0     000832a5  EST_Iab_init                     
0     00083001  EST_Iab_resetLpFilters           
0     00082d5c  EST_Iab_setLpFilterParams        
0     000832bb  EST_Iab_setParams                
0     000832d1  EST_Idq_init                     
0     00083176  EST_Idq_resetLpFilters           
0     00082da6  EST_Idq_setLpFilterParams        
0     00083351  EST_Idq_setParams                
0     00083554  EST_Ls_init                      
0     00082e7f  EST_Ls_setParams                 
0     000834d5  EST_Ls_setWaitTimes              
0     00082f35  EST_Ls_updateState               
0     000833b7  EST_OneOverDcBus_init            
0     000830ad  EST_OneOverDcBus_setParams       
0     00083558  EST_Rr_init                      
0     000831d6  EST_Rr_setParams                 
0     000834dc  EST_Rr_setWaitTimes              
0     00082f6a  EST_Rr_updateState               
0     000830d6  EST_RsOnLine_init                
0     00082ebe  EST_RsOnLine_setLpFilterParams   
0     00082e3a  EST_RsOnLine_setParams           
0     0008355c  EST_Rs_init                      
0     000831f2  EST_Rs_setParams                 
0     000834e3  EST_Rs_setWaitTimes              
0     00082f9d  EST_Rs_updateState               
0     0008284a  EST_Traj_configure               
0     0008320e  EST_Traj_init                    
0     0008350d  EST_Traj_isError                 
0     00083261  EST_Traj_reset                   
0     0000b28e  EST_Traj_run                     
0     00082a1d  EST_Traj_setParams               
0     00082c21  EST_Traj_updateState             
0     00083560  EST_Vab_init                     
0     00083535  EST_Vab_setParams                
0     000832e7  EST_Vdq_init                     
0     00083083  EST_Vdq_resetLpFilters           
0     00082df0  EST_Vdq_setLpFilterParams        
0     00083364  EST_Vdq_setParams                
0     000835a0  EST_checkForErrors               
0     0008319c  EST_computeLmag_H                
0     0008341e  EST_computePower_W               
0     00083128  EST_computeTorque_Nm             
0     000834ea  EST_configureTraj                
0     0000af48  EST_configureTrajState           
0     00083564  EST_disable                      
0     000834f1  EST_disableTraj                  
0     0000b364  EST_doCurrentCtrl                
0     0000b33f  EST_doSpeedCtrl                  
0     0008353a  EST_enable                       
0     00083439  EST_enableTraj                   
0     000835a3  EST_getFASTVersion               
0     00083513  EST_getFe_rps                    
0     00083568  EST_getFlag_bypassLockRotor      
0     0008356c  EST_getFlag_enable               
0     00083570  EST_getFlag_enableRsOnLine       
0     00083574  EST_getFlag_enableRsRecalc       
0     000833d5  EST_getFlux_Wb                   
0     000833e3  EST_getFm_lp_Hz                  
0     0000b377  EST_getIdRated_A                 
0     0000b37f  EST_getIntValue_Id_A             
0     0000b36e  EST_getIntValue_spd_Hz           
0     00083441  EST_getLs_d_H                    
0     00083449  EST_getLs_q_H                    
0     00083578  EST_getRoverL_rps                
0     00083451  EST_getRr_Ohm                    
0     00083459  EST_getRsOnLine_Ohm              
0     00083461  EST_getRs_Ohm                    
0     0000b394  EST_getState                     
0     0008353f  EST_getTrajState                 
0     00082959  EST_init                         
0     00083376  EST_initEst                      
0     0000b38c  EST_isEnabled                    
0     00083469  EST_isError                      
0     00083471  EST_isIdle                       
0     00083479  EST_isLockRotor                  
0     0008357c  EST_isMotorIdentified            
0     00083519  EST_isTrajError                  
0     0008268c  EST_reset                        
0     000835a6  EST_resetCounter_isr             
0     000835a9  EST_resetCounter_state           
0     0000b15b  EST_run                          
0     0000b386  EST_runTraj                      
0     00083427  EST_setAngle_rad                 
0     000833f1  EST_setBemf_sf                   
0     00083580  EST_setFlag_bypassLockRotor      
0     00083584  EST_setFlag_enable               
0     00083588  EST_setFlag_enableFluxControl    
0     0008358c  EST_setFlag_enableForceAngle     
0     00083481  EST_setFlag_enablePowerWarp      
0     00083590  EST_setFlag_enableRsOnLine       
0     00083594  EST_setFlag_enableRsRecalc       
0     00083598  EST_setFlag_updateRs             
0     000830ff  EST_setFluxBeta_lp               
0     00083246  EST_setFlux_ab_betaOmega_der     
0     0008322a  EST_setFreqBetaOmega_der         
0     000832fd  EST_setFreqBeta_lp               
0     000833c6  EST_setFreqLFP_sf                
0     00083312  EST_setIab_beta_lp               
0     0008351f  EST_setId_ref_A                  
0     00083327  EST_setIdq_beta_lp               
0     00083525  EST_setIq_ref_A                  
0     00083489  EST_setLs_d_H                    
0     00083491  EST_setLs_q_H                    
0     000834f8  EST_setMotorParams               
0     000835ac  EST_setNumIsrTicksPerEstTick     
0     000833fd  EST_setOneOverFluxGain_sf        
0     00082000  EST_setParams                    
0     00083499  EST_setRr_Ohm                    
0     000834a1  EST_setRsOnLineId_A              
0     000834a9  EST_setRsOnLineId_mag_A          
0     000834b1  EST_setRsOnLine_Ohm              
0     0008333c  EST_setVdq_beta_lp               
0     000834ff  EST_setWaitTimes                 
0     0000b20f  EST_setupTrajState               
0     0000b355  EST_updateId_ref_A               
0     00082408  EST_updateState                  
0     00083506  EST_updateTrajState              
0     0009d9db  FILTER_FO_init                   
0     0009d9fb  FILTER_FO_setDenCoeffs           
0     0009d9c2  FILTER_FO_setInitialConditions   
0     0009d9ce  FILTER_FO_setNumCoeffs           
0     0000b2eb  Flash_initModule                 
0     0009ce72  GPIO_setAnalogMode               
0     0009d757  GPIO_setDirectionMode            
0     0009d39b  GPIO_setPadConfig                
0     0009d530  GPIO_setPinConfig                
0     0009d6f3  GPIO_setQualificationMode        
0     0009d80d  GPIO_setQualificationPeriod      
0     0009d715  HAL_MTR1_init                    
0     0009d94a  HAL_MTR_setGateDriver            
0     0009d0e9  HAL_MTR_setParams                
0     0009d9ae  HAL_clearDataRAM                 
0     0009d93d  HAL_enableCtrlInts               
0     0009d18d  HAL_enableDRV                    
0     0009d9fe  HAL_enableDebugInt               
0     0009d9df  HAL_enableGlobalInts             
0     0009d610  HAL_init                         
0     0009d9e3  HAL_setMtrCMPSSDACValue          
0     0009d6ac  HAL_setParams                    
0     0009d777  HAL_setTriggerPrams              
0     0009c95c  HAL_setupADCs                    
0     0009d2cd  HAL_setupCMPSSs                  
0     0009d828  HAL_setupCPUUsageTimer           
0     0009c52d  HAL_setupGPIOs                   
0     0009cf5e  HAL_setupI2CA                    
0     0009cbf4  HAL_setupMtrFaults               
0     0009bf48  HAL_setupPWMs                    
0     0009d13b  HAL_setupSCIA                    
0     0009d5e6  HAL_setupTimeBaseTimer           
0     0009d8fb  I2C_clearInterruptStatus         
0     0009d8e8  I2C_enableInterrupt              
0     0009d455  I2C_initController               
0     0008359c  INVERSE_init                     
0     00083430  INVERSE_setParams                
0     0009d9e7  IPARK_init                       
0     0009d956  Interrupt_defaultHandler         
0     0009d4c9  Interrupt_enable                 
0     0009d978  Interrupt_illegalOperationHandler
0     0009d35a  Interrupt_initModule             
0     0009d8bf  Interrupt_initVectorTable        
0     0009d982  Interrupt_nmiHandler             
0     0009d9eb  PARK_init                        
0     0009d9ef  PI_init                          
abs   0009b396  RamfuncsLoadEnd                  
abs   00001396  RamfuncsLoadSize                 
abs   0009a000  RamfuncsLoadStart                
abs   0000b396  RamfuncsRunEnd                   
abs   00001396  RamfuncsRunSize                  
abs   0000a000  RamfuncsRunStart                 
0     0009d7f1  SCI_clearInterruptStatus         
0     0009d6d0  SCI_setConfig                    
0     0009d7b6  SPI_clearInterruptStatus         
0     0009d797  SPI_setConfig                    
0     0009d9f3  SVGEN_init                       
0     0000b390  SysCtl_delay                     
0     0009ca41  SysCtl_isPLLValid                
0     0009d662  SysCtl_selectOscSource           
0     0009d315  SysCtl_selectXTAL                
0     0009d736  SysCtl_selectXTALSingleEnded     
0     0009c70a  SysCtl_setClock                  
0     0009d9f7  TRAJ_init                        
0     0009bcef  USER_setMotor1Params             
0     00082b4e  USER_setParams_priv              
0     0009d590  XBAR_setEPWMMuxConfig            
0     0009daa4  __TI_CINIT_Base                  
0     0009dabc  __TI_CINIT_Limit                 
0     0009dabc  __TI_CINIT_Warm                  
0     0009da8a  __TI_Handler_Table_Base          
0     0009da90  __TI_Handler_Table_Limit         
0     00000228  __TI_STACK_END                   
abs   00000100  __TI_STACK_SIZE                  
0     0009d5bb  __TI_auto_init_nobinit_nopinit   
0     00000538  __TI_cleanup_ptr                 
0     0009d560  __TI_decompress_lzss             
0     0009d99e  __TI_decompress_none             
0     0000053a  __TI_dtors_ptr                   
0     00000536  __TI_enable_exit_profile_output  
abs   ffffffff  __TI_pprof_out_hndl              
abs   ffffffff  __TI_prof_data_size              
abs   ffffffff  __TI_prof_data_start             
0     0009d9c8  __TI_zero_init                   
0     0009cd6a  __c28xabi_divf                   
n/a   UNDEFED   __c_args__                       
0     00000128  __stack                          
0     0009d962  _args_main                       
0     0009d8a8  _c_int00                         
0     0000053c  _lock                            
0     0009d99d  _nop                             
0     0009d999  _register_lock                   
0     0009d995  _register_unlock                 
0     0009da03  _system_post_cinit               
0     0009da01  _system_pre_init                 
0     0000053e  _unlock                          
0     0009d639  abort                            
0     0009d418  calcMotorOverCurrentThreshold    
0     0009cdf2  calculateRMSData                 
0     0009d90c  canaISR                          
0     00000298  clarke_I_M1                      
0     00000292  clarke_V_M1                      
0     00080000  code_start                       
0     0009d1de  collectRMSData                   
0     00008616  dac128s                          
0     00008600  dac128sHandle                    
0     00000300  dclink_M1                        
0     00008000  est                              
0     0009d63b  exit                             
0     0000051a  hal                              
0     00000518  halHandle                        
0     000002e0  halMtr_M1                        
0     0009b700  initMotor1CtrlParameters         
0     0009d843  initMotor1Handles                
0     00000282  ipark_V_M1                       
0     00008600  loadEnd_SFRA_F32_Data            
0     0000a000  loadEnd_ctrlfuncs                
0     00008600  loadEnd_datalog_data             
0     00008600  loadEnd_dbgc_data                
0     00008600  loadEnd_dmaBuf_data              
0     000085a8  loadEnd_est_data                 
0     00000518  loadEnd_foc_data                 
0     00000536  loadEnd_hal_data                 
0     00008632  loadEnd_sys_data                 
0     00000642  loadEnd_user_data                
0     00008600  loadEnd_vibc_data                
abs   00000000  loadSize_SFRA_F32_Data           
abs   00000000  loadSize_ctrlfuncs               
abs   00000000  loadSize_datalog_data            
abs   00000000  loadSize_dbgc_data               
abs   00000000  loadSize_dmaBuf_data             
abs   000005a8  loadSize_est_data                
abs   00000298  loadSize_foc_data                
abs   0000001e  loadSize_hal_data                
abs   00000032  loadSize_sys_data                
abs   00000102  loadSize_user_data               
abs   00000000  loadSize_vibc_data               
0     00008600  loadStart_SFRA_F32_Data          
0     0000a000  loadStart_ctrlfuncs              
0     00008600  loadStart_datalog_data           
0     00008600  loadStart_dbgc_data              
0     00008600  loadStart_dmaBuf_data            
0     00008000  loadStart_est_data               
0     00000280  loadStart_foc_data               
0     00000518  loadStart_hal_data               
0     00008600  loadStart_sys_data               
0     00000540  loadStart_user_data              
0     00008600  loadStart_vibc_data              
0     0009c15f  main                             
0     0009d7d4  memcpy                           
0     0009d9b5  memset                           
0     0000a000  motor1CtrlISR                    
0     00000280  motorHandle_M1                   
0     00000340  motorSetVars_M1                  
0     000003c0  motorVars_M1                     
0     00000286  park_I_M1                        
0     0000028a  park_V_M1                        
0     000002a8  pi_Id_M1                         
0     000002c0  pi_Iq_M1                         
0     000002d0  pi_spd_M1                        
0     0009ccbd  resetMotorControl                
0     0009d27e  restartMotorControl              
0     0000a000  runEnd_ctrlfuncs                 
0     0009b9f9  runMotor1Control                 
0     0009b398  runMotor1OffsetsCalculation      
0     0009c34a  runMotorMonitor                  
0     0009d032  runRsOnLine                      
abs   00000000  runSize_ctrlfuncs                
0     0000a000  runStart_ctrlfuncs               
0     0009d88f  setupClarke_I                    
0     0009d8d4  setupClarke_V                    
0     0009c84f  setupControllers                 
0     0009d92d  stopMotorControl                 
0     0000028e  svgen_M1                         
0     00008602  systemVars                       
0     0000029e  traj_spd_M1                      
0     0009cb1e  updateGlobalVariables            
0     00000540  userParams_M1                    


GLOBAL SYMBOLS: SORTED BY Symbol Address 

page  address   name                             
----  -------   ----                             
0     00000128  __stack                          
0     00000228  __TI_STACK_END                   
0     00000280  loadStart_foc_data               
0     00000280  motorHandle_M1                   
0     00000282  ipark_V_M1                       
0     00000286  park_I_M1                        
0     0000028a  park_V_M1                        
0     0000028e  svgen_M1                         
0     00000292  clarke_V_M1                      
0     00000298  clarke_I_M1                      
0     0000029e  traj_spd_M1                      
0     000002a8  pi_Id_M1                         
0     000002c0  pi_Iq_M1                         
0     000002d0  pi_spd_M1                        
0     000002e0  halMtr_M1                        
0     00000300  dclink_M1                        
0     00000340  motorSetVars_M1                  
0     000003c0  motorVars_M1                     
0     00000518  halHandle                        
0     00000518  loadEnd_foc_data                 
0     00000518  loadStart_hal_data               
0     0000051a  hal                              
0     00000536  __TI_enable_exit_profile_output  
0     00000536  loadEnd_hal_data                 
0     00000538  __TI_cleanup_ptr                 
0     0000053a  __TI_dtors_ptr                   
0     0000053c  _lock                            
0     0000053e  _unlock                          
0     00000540  loadStart_user_data              
0     00000540  userParams_M1                    
0     00000642  loadEnd_user_data                
0     00008000  est                              
0     00008000  loadStart_est_data               
0     000085a8  loadEnd_est_data                 
0     00008600  dac128sHandle                    
0     00008600  loadEnd_SFRA_F32_Data            
0     00008600  loadEnd_datalog_data             
0     00008600  loadEnd_dbgc_data                
0     00008600  loadEnd_dmaBuf_data              
0     00008600  loadEnd_vibc_data                
0     00008600  loadStart_SFRA_F32_Data          
0     00008600  loadStart_datalog_data           
0     00008600  loadStart_dbgc_data              
0     00008600  loadStart_dmaBuf_data            
0     00008600  loadStart_sys_data               
0     00008600  loadStart_vibc_data              
0     00008602  systemVars                       
0     00008616  dac128s                          
0     00008632  loadEnd_sys_data                 
0     0000a000  loadEnd_ctrlfuncs                
0     0000a000  loadStart_ctrlfuncs              
0     0000a000  motor1CtrlISR                    
0     0000a000  runEnd_ctrlfuncs                 
0     0000a000  runStart_ctrlfuncs               
0     0000af48  EST_configureTrajState           
0     0000b15b  EST_run                          
0     0000b20f  EST_setupTrajState               
0     0000b28e  EST_Traj_run                     
0     0000b2eb  Flash_initModule                 
0     0000b33f  EST_doSpeedCtrl                  
0     0000b355  EST_updateId_ref_A               
0     0000b364  EST_doCurrentCtrl                
0     0000b36e  EST_getIntValue_spd_Hz           
0     0000b377  EST_getIdRated_A                 
0     0000b37f  EST_getIntValue_Id_A             
0     0000b386  EST_runTraj                      
0     0000b38c  EST_isEnabled                    
0     0000b390  SysCtl_delay                     
0     0000b394  EST_getState                     
0     00080000  code_start                       
0     00082000  EST_setParams                    
0     00082408  EST_updateState                  
0     0008268c  EST_reset                        
0     0008284a  EST_Traj_configure               
0     00082959  EST_init                         
0     00082a1d  EST_Traj_setParams               
0     00082ac8  EST_Dir_setLpFilterParams        
0     00082b4e  USER_setParams_priv              
0     00082bc5  EST_Flux_setParams               
0     00082c21  EST_Traj_updateState             
0     00082c7a  EST_Freq_setParams               
0     00082cc8  EST_Dir_setHpFilterParams        
0     00082d12  EST_Flux_ab_setDerFilterParams   
0     00082d5c  EST_Iab_setLpFilterParams        
0     00082da6  EST_Idq_setLpFilterParams        
0     00082df0  EST_Vdq_setLpFilterParams        
0     00082e3a  EST_RsOnLine_setParams           
0     00082e7f  EST_Ls_setParams                 
0     00082ebe  EST_RsOnLine_setLpFilterParams   
0     00082efb  EST_Flux_updateState             
0     00082f35  EST_Ls_updateState               
0     00082f6a  EST_Rr_updateState               
0     00082f9d  EST_Rs_updateState               
0     00082fd0  EST_Dir_init                     
0     00083001  EST_Iab_resetLpFilters           
0     0008302f  EST_Freq_setDerFilterParams      
0     00083059  EST_Freq_setLpFilterParams       
0     00083083  EST_Vdq_resetLpFilters           
0     000830ad  EST_OneOverDcBus_setParams       
0     000830d6  EST_RsOnLine_init                
0     000830ff  EST_setFluxBeta_lp               
0     00083128  EST_computeTorque_Nm             
0     00083150  EST_Angle_setParams              
0     00083176  EST_Idq_resetLpFilters           
0     0008319c  EST_computeLmag_H                
0     000831ba  EST_Dir_resetLpFilters           
0     000831d6  EST_Rr_setParams                 
0     000831f2  EST_Rs_setParams                 
0     0008320e  EST_Traj_init                    
0     0008322a  EST_setFreqBetaOmega_der         
0     00083246  EST_setFlux_ab_betaOmega_der     
0     00083261  EST_Traj_reset                   
0     00083279  EST_Flux_ab_init                 
0     0008328f  EST_Freq_init                    
0     000832a5  EST_Iab_init                     
0     000832bb  EST_Iab_setParams                
0     000832d1  EST_Idq_init                     
0     000832e7  EST_Vdq_init                     
0     000832fd  EST_setFreqBeta_lp               
0     00083312  EST_setIab_beta_lp               
0     00083327  EST_setIdq_beta_lp               
0     0008333c  EST_setVdq_beta_lp               
0     00083351  EST_Idq_setParams                
0     00083364  EST_Vdq_setParams                
0     00083376  EST_initEst                      
0     00083388  EST_Dir_resetHpFilters           
0     00083398  EST_Flux_ab_resetDerFilters      
0     000833a8  EST_Flux_init                    
0     000833b7  EST_OneOverDcBus_init            
0     000833c6  EST_setFreqLFP_sf                
0     000833d5  EST_getFlux_Wb                   
0     000833e3  EST_getFm_lp_Hz                  
0     000833f1  EST_setBemf_sf                   
0     000833fd  EST_setOneOverFluxGain_sf        
0     00083409  EST_Dir_setParams                
0     00083414  EST_Flux_ab_setParams            
0     0008341e  EST_computePower_W               
0     00083427  EST_setAngle_rad                 
0     00083430  INVERSE_setParams                
0     00083439  EST_enableTraj                   
0     00083441  EST_getLs_d_H                    
0     00083449  EST_getLs_q_H                    
0     00083451  EST_getRr_Ohm                    
0     00083459  EST_getRsOnLine_Ohm              
0     00083461  EST_getRs_Ohm                    
0     00083469  EST_isError                      
0     00083471  EST_isIdle                       
0     00083479  EST_isLockRotor                  
0     00083481  EST_setFlag_enablePowerWarp      
0     00083489  EST_setLs_d_H                    
0     00083491  EST_setLs_q_H                    
0     00083499  EST_setRr_Ohm                    
0     000834a1  EST_setRsOnLineId_A              
0     000834a9  EST_setRsOnLineId_mag_A          
0     000834b1  EST_setRsOnLine_Ohm              
0     000834b9  EST_Eab_setParams                
0     000834c0  EST_Flux_setWaitTimes            
0     000834c7  EST_Freq_resetDerFilter          
0     000834ce  EST_Freq_resetLpFilter           
0     000834d5  EST_Ls_setWaitTimes              
0     000834dc  EST_Rr_setWaitTimes              
0     000834e3  EST_Rs_setWaitTimes              
0     000834ea  EST_configureTraj                
0     000834f1  EST_disableTraj                  
0     000834f8  EST_setMotorParams               
0     000834ff  EST_setWaitTimes                 
0     00083506  EST_updateTrajState              
0     0008350d  EST_Traj_isError                 
0     00083513  EST_getFe_rps                    
0     00083519  EST_isTrajError                  
0     0008351f  EST_setId_ref_A                  
0     00083525  EST_setIq_ref_A                  
0     0008352b  EST_Edq_setParams                
0     00083530  EST_Flux_dq_setParams            
0     00083535  EST_Vab_setParams                
0     0008353a  EST_enable                       
0     0008353f  EST_getTrajState                 
0     00083544  EST_Angle_init                   
0     00083548  EST_Eab_init                     
0     0008354c  EST_Edq_init                     
0     00083550  EST_Flux_dq_init                 
0     00083554  EST_Ls_init                      
0     00083558  EST_Rr_init                      
0     0008355c  EST_Rs_init                      
0     00083560  EST_Vab_init                     
0     00083564  EST_disable                      
0     00083568  EST_getFlag_bypassLockRotor      
0     0008356c  EST_getFlag_enable               
0     00083570  EST_getFlag_enableRsOnLine       
0     00083574  EST_getFlag_enableRsRecalc       
0     00083578  EST_getRoverL_rps                
0     0008357c  EST_isMotorIdentified            
0     00083580  EST_setFlag_bypassLockRotor      
0     00083584  EST_setFlag_enable               
0     00083588  EST_setFlag_enableFluxControl    
0     0008358c  EST_setFlag_enableForceAngle     
0     00083590  EST_setFlag_enableRsOnLine       
0     00083594  EST_setFlag_enableRsRecalc       
0     00083598  EST_setFlag_updateRs             
0     0008359c  INVERSE_init                     
0     000835a0  EST_checkForErrors               
0     000835a3  EST_getFASTVersion               
0     000835a6  EST_resetCounter_isr             
0     000835a9  EST_resetCounter_state           
0     000835ac  EST_setNumIsrTicksPerEstTick     
0     0009b398  runMotor1OffsetsCalculation      
0     0009b700  initMotor1CtrlParameters         
0     0009b9f9  runMotor1Control                 
0     0009bcef  USER_setMotor1Params             
0     0009bf48  HAL_setupPWMs                    
0     0009c15f  main                             
0     0009c34a  runMotorMonitor                  
0     0009c52d  HAL_setupGPIOs                   
0     0009c70a  SysCtl_setClock                  
0     0009c84f  setupControllers                 
0     0009c95c  HAL_setupADCs                    
0     0009ca41  SysCtl_isPLLValid                
0     0009cb1e  updateGlobalVariables            
0     0009cbf4  HAL_setupMtrFaults               
0     0009ccbd  resetMotorControl                
0     0009cd6a  __c28xabi_divf                   
0     0009cdf2  calculateRMSData                 
0     0009ce72  GPIO_setAnalogMode               
0     0009ceed  Device_enableAllPeripherals      
0     0009cf5e  HAL_setupI2CA                    
0     0009cfcf  Device_init                      
0     0009d032  runRsOnLine                      
0     0009d093  DAC128S_writeData                
0     0009d0e9  HAL_MTR_setParams                
0     0009d13b  HAL_setupSCIA                    
0     0009d18d  HAL_enableDRV                    
0     0009d1de  collectRMSData                   
0     0009d22f  DAC128S_setupSPI                 
0     0009d27e  restartMotorControl              
0     0009d2cd  HAL_setupCMPSSs                  
0     0009d315  SysCtl_selectXTAL                
0     0009d35a  Interrupt_initModule             
0     0009d39b  GPIO_setPadConfig                
0     0009d418  calcMotorOverCurrentThreshold    
0     0009d455  I2C_initController               
0     0009d491  ADC_setOffsetTrimAll             
0     0009d4c9  Interrupt_enable                 
0     0009d4ff  DAC128S_writeCommand             
0     0009d530  GPIO_setPinConfig                
0     0009d560  __TI_decompress_lzss             
0     0009d590  XBAR_setEPWMMuxConfig            
0     0009d5bb  __TI_auto_init_nobinit_nopinit   
0     0009d5e6  HAL_setupTimeBaseTimer           
0     0009d610  HAL_init                         
0     0009d639  C$$EXIT                          
0     0009d639  abort                            
0     0009d63b  exit                             
0     0009d662  SysCtl_selectOscSource           
0     0009d688  DCLINK_SS_setInitialConditions   
0     0009d6ac  HAL_setParams                    
0     0009d6d0  SCI_setConfig                    
0     0009d6f3  GPIO_setQualificationMode        
0     0009d715  HAL_MTR1_init                    
0     0009d736  SysCtl_selectXTALSingleEnded     
0     0009d757  GPIO_setDirectionMode            
0     0009d777  HAL_setTriggerPrams              
0     0009d797  SPI_setConfig                    
0     0009d7b6  SPI_clearInterruptStatus         
0     0009d7d4  memcpy                           
0     0009d7f1  SCI_clearInterruptStatus         
0     0009d80d  GPIO_setQualificationPeriod      
0     0009d828  HAL_setupCPUUsageTimer           
0     0009d843  initMotor1Handles                
0     0009d85d  ADC_setVREF                      
0     0009d876  CMPSS_configFilterHigh           
0     0009d88f  setupClarke_I                    
0     0009d8a8  _c_int00                         
0     0009d8bf  Interrupt_initVectorTable        
0     0009d8d4  setupClarke_V                    
0     0009d8e8  I2C_enableInterrupt              
0     0009d8fb  I2C_clearInterruptStatus         
0     0009d90c  canaISR                          
0     0009d91d  Device_initGPIO                  
0     0009d92d  stopMotorControl                 
0     0009d93d  HAL_enableCtrlInts               
0     0009d94a  HAL_MTR_setGateDriver            
0     0009d956  Interrupt_defaultHandler         
0     0009d962  _args_main                       
0     0009d96e  DAC128S_init                     
0     0009d978  Interrupt_illegalOperationHandler
0     0009d982  Interrupt_nmiHandler             
0     0009d98c  EPWM_setEmulationMode            
0     0009d995  _register_unlock                 
0     0009d999  _register_lock                   
0     0009d99d  _nop                             
0     0009d99e  __TI_decompress_none             
0     0009d9ae  HAL_clearDataRAM                 
0     0009d9b5  memset                           
0     0009d9bc  CPUTimer_setEmulationMode        
0     0009d9c2  FILTER_FO_setInitialConditions   
0     0009d9c8  __TI_zero_init                   
0     0009d9ce  FILTER_FO_setNumCoeffs           
0     0009d9d3  CLARKE_init                      
0     0009d9d7  DCLINK_SS_init                   
0     0009d9db  FILTER_FO_init                   
0     0009d9df  HAL_enableGlobalInts             
0     0009d9e3  HAL_setMtrCMPSSDACValue          
0     0009d9e7  IPARK_init                       
0     0009d9eb  PARK_init                        
0     0009d9ef  PI_init                          
0     0009d9f3  SVGEN_init                       
0     0009d9f7  TRAJ_init                        
0     0009d9fb  FILTER_FO_setDenCoeffs           
0     0009d9fe  HAL_enableDebugInt               
0     0009da01  _system_pre_init                 
0     0009da03  _system_post_cinit               
0     0009da8a  __TI_Handler_Table_Base          
0     0009da90  __TI_Handler_Table_Limit         
0     0009daa4  __TI_CINIT_Base                  
0     0009dabc  __TI_CINIT_Limit                 
0     0009dabc  __TI_CINIT_Warm                  
abs   00000000  loadSize_SFRA_F32_Data           
abs   00000000  loadSize_ctrlfuncs               
abs   00000000  loadSize_datalog_data            
abs   00000000  loadSize_dbgc_data               
abs   00000000  loadSize_dmaBuf_data             
abs   00000000  loadSize_vibc_data               
abs   00000000  runSize_ctrlfuncs                
abs   0000001e  loadSize_hal_data                
abs   00000032  loadSize_sys_data                
abs   00000100  __TI_STACK_SIZE                  
abs   00000102  loadSize_user_data               
abs   00000298  loadSize_foc_data                
abs   000005a8  loadSize_est_data                
abs   00001396  RamfuncsLoadSize                 
abs   00001396  RamfuncsRunSize                  
abs   0000a000  RamfuncsRunStart                 
abs   0000b396  RamfuncsRunEnd                   
abs   0009a000  RamfuncsLoadStart                
abs   0009b396  RamfuncsLoadEnd                  
abs   ffffffff  __TI_pprof_out_hndl              
abs   ffffffff  __TI_prof_data_size              
abs   ffffffff  __TI_prof_data_start             
n/a   UNDEFED   __c_args__                       

[339 symbols]
