Archive member included to satisfy reference by file (symbol)

D:/SEGGER_EmbeddedStudio/lib/libc_v8a_a64_le_balanced.a(prinops.o)
                              Output/Debug/Obj/Executable_2/main.o (printf)
D:/SEGGER_EmbeddedStudio/lib/libc_v8a_a64_le_balanced.a(__SEGGER_RTL_vfprintf_int_nwp.o)
                              (__SEGGER_RTL_vfprintf_int_nwp)
D:/SEGGER_EmbeddedStudio/lib/libc_v8a_a64_le_balanced.a(__SEGGER_RTL_vfscanf_int.o)
                              (__SEGGER_RTL_vfscanf_int)
D:/SEGGER_EmbeddedStudio/lib/libc_v8a_a64_le_balanced.a(fileops.o)
                              D:/SEGGER_EmbeddedStudio/lib/libc_v8a_a64_le_balanced.a(prinops.o) (fwrite)
D:/SEGGER_EmbeddedStudio/lib/libc_v8a_a64_le_balanced.a(utilops.o)
                              D:/SEGGER_EmbeddedStudio/lib/libc_v8a_a64_le_balanced.a(__SEGGER_RTL_vfscanf_int.o) (__SEGGER_RTL_digit)
D:/SEGGER_EmbeddedStudio/lib/libc_v8a_a64_le_balanced.a(errno.o)
                              D:/SEGGER_EmbeddedStudio/lib/libc_v8a_a64_le_balanced.a(fileops.o) (__SEGGER_RTL_X_errno_addr)
D:/SEGGER_EmbeddedStudio/lib/prinops_semihost_v8a_a64_le_balanced.a(fileops_semi.o)
                              D:/SEGGER_EmbeddedStudio/lib/libc_v8a_a64_le_balanced.a(fileops.o) (__SEGGER_RTL_X_file_stat)
D:/SEGGER_EmbeddedStudio/lib/prinops_semihost_v8a_a64_le_balanced.a(SEGGER_SEMIHOST.o)
                              D:/SEGGER_EmbeddedStudio/lib/prinops_semihost_v8a_a64_le_balanced.a(fileops_semi.o) (SEGGER_SEMIHOST_Open)
D:/SEGGER_EmbeddedStudio/lib/prinops_semihost_v8a_a64_le_balanced.a(SEGGER_SEMIHOST_Generic.o)
                              D:/SEGGER_EmbeddedStudio/lib/prinops_semihost_v8a_a64_le_balanced.a(SEGGER_SEMIHOST.o) (SEGGER_SEMIHOST_X_Request)
D:/SEGGER_EmbeddedStudio/lib/heapops_basic_v8a_a64_le_balanced.a(heapops_basic.o)
                              Output/Debug/Obj/Executable_2/ARM64_crt0.o (__SEGGER_RTL_init_heap)
D:/SEGGER_EmbeddedStudio/lib/heapops_disable_interrupts_locking_v8a_a64_le_balanced.a(heapops.o)
                              D:/SEGGER_EmbeddedStudio/lib/libc_v8a_a64_le_balanced.a(prinops.o) (free)
D:/SEGGER_EmbeddedStudio/lib/strops_unaligned_v8a_a64_le_balanced.a(strops.o)
                              D:/SEGGER_EmbeddedStudio/lib/libc_v8a_a64_le_balanced.a(prinops.o) (memcpy)
D:/SEGGER_EmbeddedStudio/lib/mbops_timeops_v8a_a64_le_balanced.a(mbops.o)
                              D:/SEGGER_EmbeddedStudio/lib/libc_v8a_a64_le_balanced.a(prinops.o) (__SEGGER_RTL_current_locale)
D:/SEGGER_EmbeddedStudio/lib/mbops_timeops_v8a_a64_le_balanced.a(timeops.o)
                              D:/SEGGER_EmbeddedStudio/lib/mbops_timeops_v8a_a64_le_balanced.a(mbops.o) (__SEGGER_RTL_string_list_encode)
D:/SEGGER_EmbeddedStudio/lib/libc_v8a_a64_le_balanced.a(execops.o)
                              D:/SEGGER_EmbeddedStudio/lib/strops_unaligned_v8a_a64_le_balanced.a(strops.o) (__SEGGER_RTL_constraint_violation)
D:/SEGGER_EmbeddedStudio/lib/libc_v8a_a64_le_balanced.a(intops.o)
                              D:/SEGGER_EmbeddedStudio/lib/mbops_timeops_v8a_a64_le_balanced.a(timeops.o) (div)
D:/SEGGER_EmbeddedStudio/lib/libc_v8a_a64_le_balanced.a(sortops.o)
                              D:/SEGGER_EmbeddedStudio/lib/mbops_timeops_v8a_a64_le_balanced.a(mbops.o) (bsearch)
D:/SEGGER_EmbeddedStudio/lib/libc_v8a_a64_le_balanced.a(convops.o)
                              D:/SEGGER_EmbeddedStudio/lib/libc_v8a_a64_le_balanced.a(execops.o) (itoa)
D:/SEGGER_EmbeddedStudio/lib/libc_v8a_a64_le_balanced.a(floatops.o)
                              D:/SEGGER_EmbeddedStudio/lib/libc_v8a_a64_le_balanced.a(convops.o) (__extenddftf2)

Discarded input sections

 .text          0x0000000000000000        0x0 Output/Debug/Obj/Executable_2/ARM64_Startup.o
 .data          0x0000000000000000        0x0 Output/Debug/Obj/Executable_2/ARM64_Startup.o
 .bss           0x0000000000000000        0x0 Output/Debug/Obj/Executable_2/ARM64_Startup.o
 .text          0x0000000000000000        0x0 Output/Debug/Obj/Executable_2/ARM64_crt0.o
 .data          0x0000000000000000        0x0 Output/Debug/Obj/Executable_2/ARM64_crt0.o
 .bss           0x0000000000000000        0x0 Output/Debug/Obj/Executable_2/ARM64_crt0.o
 .text.abort    0x0000000000000000        0x4 Output/Debug/Obj/Executable_2/ARM64_crt0.o
 .text.__assert
                0x0000000000000000        0x4 Output/Debug/Obj/Executable_2/ARM64_crt0.o
 .text.__assert_func
                0x0000000000000000        0x4 Output/Debug/Obj/Executable_2/ARM64_crt0.o
 .text.__sync_synchronize
                0x0000000000000000        0x4 Output/Debug/Obj/Executable_2/ARM64_crt0.o
 .stack         0x0000000000000000        0x0 Output/Debug/Obj/Executable_2/ARM64_crt0.o
 .heap          0x0000000000000000        0x0 Output/Debug/Obj/Executable_2/ARM64_crt0.o
 .group         0x0000000000000000        0xc Output/Debug/Obj/Executable_2/main.o
[...]
Memory Configuration

Name             Origin             Length             Attributes
UNPLACED_SECTIONS 0x0000000100000000 0x0000000000000000 xw
FLASH1           0x0000000000000000 0x0000000000100000 xr
RAM1             0x0000000020000000 0x0000000000010000 xw
*default*        0x0000000000000000 0xffffffffffffffff

Linker script and memory map

                0x0000000000000000                __FLASH1_segment_start__ = 0x0
                0x0000000000100000                __FLASH1_segment_end__ = 0x100000
                0x0000000000100000                __FLASH1_segment_size__ = 0x100000
                0x0000000020000000                __RAM1_segment_start__ = 0x20000000
                0x0000000020010000                __RAM1_segment_end__ = 0x20010000
                0x0000000000010000                __RAM1_segment_size__ = 0x10000
                0x0000000000000800                __HEAPSIZE__ = 0x800
                0x0000000000000000                __SEGGER_RTL_vfprintf = __SEGGER_RTL_vfprintf_int_nwp
                0x0000000000000000                __SEGGER_RTL_vfscanf = __SEGGER_RTL_vfscanf_int
                0x0000000000000800                __STACKSIZE__ = 0x800
                0x0000000020000000                __vectors_load_start__ = __RAM1_segment_start__

.vectors        0x0000000020000000        0x0
                0x0000000020000000                __vectors_start__ = .
 *(.vectors .vectors.*)
                0x0000000020000000                __vectors_end__ = (__vectors_start__ + SIZEOF (.vectors))
                0x0000000000000000                __vectors_size__ = SIZEOF (.vectors)
                0x0000000020000000                __vectors_load_end__ = __vectors_end__
                0x0000000000000001                . = ASSERT (((__vectors_start__ == __vectors_end__) || ((__vectors_end__ - __RAM1_segment_start__) <= __RAM1_segment_size__)), error: .vectors is too large to fit in RAM1 memory segment)
                0x0000000020000000                __fast_load_start__ = ALIGN (__vectors_end__, 0x4)

.fast           0x0000000020000000        0x0
                0x0000000020000000                __fast_start__ = .
 *(.fast .fast.*)
                0x0000000020000000                __fast_end__ = (__fast_start__ + SIZEOF (.fast))
                0x0000000000000000                __fast_size__ = SIZEOF (.fast)
                0x0000000020000000                __fast_load_end__ = __fast_end__
                0x0000000000000001                . = ASSERT (((__fast_start__ == __fast_end__) || ((__fast_end__ - __RAM1_segment_start__) <= __RAM1_segment_size__)), error: .fast is too large to fit in RAM1 memory segment)
                0x0000000020000000                __init_load_start__ = ALIGN (__fast_end__, 0x4)

.init           0x0000000020000000      0xdb0
                0x0000000020000000                __init_start__ = .
 *(.init .init.*)
 .init          0x0000000020000000      0xb90 Output/Debug/Obj/Executable_2/ARM64_Startup.o
                0x0000000020000000                Reset_Handler
                0x0000000020000000                reset_handler
                0x0000000020000800                _vectors
 .init          0x0000000020000b90      0x220 Output/Debug/Obj/Executable_2/ARM64_crt0.o
                0x0000000020000b90                _start
                0x0000000020000b90                __start
                0x0000000020000c74                exit
                0x0000000020000db0                __init_end__ = (__init_start__ + SIZEOF (.init))
                0x0000000000000db0                __init_size__ = SIZEOF (.init)
                0x0000000020000db0                __init_load_end__ = __init_end__
                0x0000000000000001                . = ASSERT (((__init_start__ == __init_end__) || ((__init_end__ - __RAM1_segment_start__) <= __RAM1_segment_size__)), error: .init is too large to fit in RAM1 memory segment)
                0x0000000020000db0                __init_rodata_load_start__ = ALIGN (__init_end__, 0x4)

.init_rodata    0x0000000020000db0        0x0
                0x0000000020000db0                __init_rodata_start__ = .
 *(.init_rodata .init_rodata.*)
                0x0000000020000db0                __init_rodata_end__ = (__init_rodata_start__ + SIZEOF (.init_rodata))
                0x0000000000000000                __init_rodata_size__ = SIZEOF (.init_rodata)
                0x0000000020000db0                __init_rodata_load_end__ = __init_rodata_end__
                0x0000000000000001                . = ASSERT (((__init_rodata_start__ == __init_rodata_end__) || ((__init_rodata_end__ - __RAM1_segment_start__) <= __RAM1_segment_size__)), error: .init_rodata is too large to fit in RAM1 memory segment)
                0x0000000020000db0                __text_load_start__ = ALIGN (__init_rodata_end__, 0x4)

.text           0x0000000020000db0       0xe4
                0x0000000020000db0                __text_start__ = .
 *(.text .text.* .gnu.linkonce.t.* .glue_7t .glue_7 .gcc_except_table .ARM.extab* .gnu.linkonce.armextab.*)
 .text.main     0x0000000020000db0       0x44 Output/Debug/Obj/Executable_2/main.o
                0x0000000020000db0                main
 .text.libc.SEGGER_SEMIHOST_Writef
                0x0000000020000df4       0x1c D:/SEGGER_EmbeddedStudio/lib/prinops_semihost_v8a_a64_le_balanced.a(SEGGER_SEMIHOST.o)
                0x0000000020000df4                SEGGER_SEMIHOST_Writef
 .text.libc.SEGGER_SEMIHOST_DebugHalt
                0x0000000020000e10        0x4 D:/SEGGER_EmbeddedStudio/lib/prinops_semihost_v8a_a64_le_balanced.a(SEGGER_SEMIHOST.o)
                0x0000000020000e10                SEGGER_SEMIHOST_DebugHalt
 .text.libc.SEGGER_SEMIHOST_X_Request
                0x0000000020000e14        0x4 D:/SEGGER_EmbeddedStudio/lib/prinops_semihost_v8a_a64_le_balanced.a(SEGGER_SEMIHOST_Generic.o)
                0x0000000020000e14                SEGGER_SEMIHOST_X_Request
 .text.libc.printf
                0x0000000020000e18       0x64 D:/SEGGER_EmbeddedStudio/lib/prinops_semihostformatted_v8a_a64_le_balanced.a
                0x0000000020000e18                printf
 .text.libc.__SEGGER_RTL_init_heap
                0x0000000020000e7c       0x18 D:/SEGGER_EmbeddedStudio/lib/heapops_basic_v8a_a64_le_balanced.a(heapops_basic.o)
                0x0000000020000e7c                __SEGGER_RTL_init_heap
                0x0000000020000e94                __text_end__ = (__text_start__ + SIZEOF (.text))
                0x00000000000000e4                __text_size__ = SIZEOF (.text)
                0x0000000020000e94                __text_load_end__ = __text_end__

.iplt           0x0000000100000000        0x0
 .iplt          0x0000000100000000        0x0 Output/Debug/Obj/Executable_2/ARM64_Startup.o
                0x0000000000000001                . = ASSERT (((__text_start__ == __text_end__) || ((__text_end__ - __RAM1_segment_start__) <= __RAM1_segment_size__)), error: .text is too large to fit in RAM1 memory segment)
                0x0000000020000e98                __dtors_load_start__ = ALIGN (__text_end__, 0x8)

.dtors          0x0000000020000e98        0x0
                0x0000000020000e98                __dtors_start__ = .
 *(SORT_BY_NAME(.dtors.*))
 *(.dtors)
 *(.fini_array)
 *(SORT_BY_NAME(.fini_array.*))
                0x0000000020000e98                __dtors_end__ = (__dtors_start__ + SIZEOF (.dtors))
                0x0000000000000000                __dtors_size__ = SIZEOF (.dtors)
                0x0000000020000e98                __dtors_load_end__ = __dtors_end__
                0x0000000000000001                . = ASSERT (((__dtors_start__ == __dtors_end__) || ((__dtors_end__ - __RAM1_segment_start__) <= __RAM1_segment_size__)), error: .dtors is too large to fit in RAM1 memory segment)
                0x0000000020000e98                __ctors_load_start__ = ALIGN (__dtors_end__, 0x8)

.ctors          0x0000000020000e98        0x0
                0x0000000020000e98                __ctors_start__ = .
 *(SORT_BY_NAME(.ctors.*))
 *(.ctors)
 *(.init_array)
 *(SORT_BY_NAME(.init_array.*))
                0x0000000020000e98                __ctors_end__ = (__ctors_start__ + SIZEOF (.ctors))
                0x0000000000000000                __ctors_size__ = SIZEOF (.ctors)
                0x0000000020000e98                __ctors_load_end__ = __ctors_end__
                0x0000000000000001                . = ASSERT (((__ctors_start__ == __ctors_end__) || ((__ctors_end__ - __RAM1_segment_start__) <= __RAM1_segment_size__)), error: .ctors is too large to fit in RAM1 memory segment)
                0x0000000020000e98                __data_load_start__ = ALIGN (__ctors_end__, 0x4)

.data           0x0000000020000e98        0x0
                0x0000000020000e98                __data_start__ = .
 *(.data .data.* .gnu.linkonce.d.*)
                0x0000000020000e98                __data_end__ = (__data_start__ + SIZEOF (.data))
                0x0000000000000000                __data_size__ = SIZEOF (.data)
                0x0000000020000e98                __data_load_end__ = __data_end__

.igot.plt       0x0000000100000000        0x0
 .igot.plt      0x0000000100000000        0x0 Output/Debug/Obj/Executable_2/ARM64_Startup.o
                0x0000000000000001                . = ASSERT (((__data_start__ == __data_end__) || ((__data_end__ - __RAM1_segment_start__) <= __RAM1_segment_size__)), error: .data is too large to fit in RAM1 memory segment)
                0x0000000020000e98                __rodata_load_start__ = ALIGN (__data_end__, 0x4)

.rodata         0x0000000020000e98       0x11
                0x0000000020000e98                __rodata_start__ = .
 *(.rodata .rodata.* .gnu.linkonce.r.* .data.rel.ro .data.rel.ro.*)
 .rodata        0x0000000020000e98       0x11 Output/Debug/Obj/Executable_2/main.o
                0x0000000020000ea9                __rodata_end__ = (__rodata_start__ + SIZEOF (.rodata))
                0x0000000000000011                __rodata_size__ = SIZEOF (.rodata)
                0x0000000020000ea9                __rodata_load_end__ = __rodata_end__

.rela.dyn       0x0000000000000000        0x0
 .rela.iplt     0x0000000000000000        0x0 Output/Debug/Obj/Executable_2/ARM64_Startup.o
 .rela.init     0x0000000000000000        0x0 Output/Debug/Obj/Executable_2/ARM64_Startup.o
                0x0000000000000001                . = ASSERT (((__rodata_start__ == __rodata_end__) || ((__rodata_end__ - __RAM1_segment_start__) <= __RAM1_segment_size__)), error: .rodata is too large to fit in RAM1 memory segment)
                0x0000000020000eb0                __eh_frame_hdr_load_start__ = ALIGN (__rodata_end__, 0x8)

.eh_frame_hdr   0x0000000020000eb0        0x0
                0x0000000020000eb0                __eh_frame_hdr_start__ = .
 *(.eh_frame_hdr .eh_frame_hdr.*)
                0x0000000020000eb0                __eh_frame_hdr_end__ = (__eh_frame_hdr_start__ + SIZEOF (.eh_frame_hdr))
                0x0000000000000000                __eh_frame_hdr_size__ = SIZEOF (.eh_frame_hdr)
                0x0000000020000eb0                __eh_frame_hdr_load_end__ = __eh_frame_hdr_end__
                0x0000000000000001                . = ASSERT (((__eh_frame_hdr_start__ == __eh_frame_hdr_end__) || ((__eh_frame_hdr_end__ - __RAM1_segment_start__) <= __RAM1_segment_size__)), error: .eh_frame_hdr is too large to fit in RAM1 memory segment)
                0x0000000020000eb0                __eh_frame_load_start__ = ALIGN (__eh_frame_hdr_end__, 0x8)

.eh_frame       0x0000000020000eb0        0x0
                0x0000000020000eb0                __eh_frame_start__ = .
 *(.eh_frame .eh_frame.*)
                0x0000000020000eb0                __eh_frame_end__ = (__eh_frame_start__ + SIZEOF (.eh_frame))
                0x0000000000000000                __eh_frame_size__ = SIZEOF (.eh_frame)
                0x0000000020000eb0                __eh_frame_load_end__ = __eh_frame_end__
                0x0000000000000001                . = ASSERT (((__eh_frame_start__ == __eh_frame_end__) || ((__eh_frame_end__ - __RAM1_segment_start__) <= __RAM1_segment_size__)), error: .eh_frame is too large to fit in RAM1 memory segment)
                0x0000000020000eb0                __gcc_except_table_load_start__ = ALIGN (__eh_frame_end__, 0x8)

.gcc_except_table
                0x0000000020000eb0        0x0
                0x0000000020000eb0                __gcc_except_table_start__ = .
 *(.gcc_except_table .gcc_except_table.*)
                0x0000000020000eb0                __gcc_except_table_end__ = (__gcc_except_table_start__ + SIZEOF (.gcc_except_table))
                0x0000000000000000                __gcc_except_table_size__ = SIZEOF (.gcc_except_table)
                0x0000000020000eb0                __gcc_except_table_load_end__ = __gcc_except_table_end__
                0x0000000000000001                . = ASSERT (((__gcc_except_table_start__ == __gcc_except_table_end__) || ((__gcc_except_table_end__ - __RAM1_segment_start__) <= __RAM1_segment_size__)), error: .gcc_except_table is too large to fit in RAM1 memory segment)
                0x0000000020000eb0                __bss_load_start__ = ALIGN (__gcc_except_table_end__, 0x4)

.bss            0x0000000020000eb0        0x8
                0x0000000020000eb0                __bss_start__ = .
 *(.bss .bss.* .gnu.linkonce.b.*)
 .bss.libc.__SEGGER_RTL_heap_globals
                0x0000000020000eb0        0x8 D:/SEGGER_EmbeddedStudio/lib/heapops_basic_v8a_a64_le_balanced.a(heapops_basic.o)
 *(COMMON)
                0x0000000020000eb8                __bss_end__ = (__bss_start__ + SIZEOF (.bss))
                0x0000000000000008                __bss_size__ = SIZEOF (.bss)
                0x0000000020000eb8                __bss_load_end__ = __bss_end__
                0x0000000000000001                . = ASSERT (((__bss_start__ == __bss_end__) || ((__bss_end__ - __RAM1_segment_start__) <= __RAM1_segment_size__)), error: .bss is too large to fit in RAM1 memory segment)
                0x0000000020000eb8                __non_init_load_start__ = ALIGN (__bss_end__, 0x4)

.non_init       0x0000000020000eb8        0x0
                0x0000000020000eb8                __non_init_start__ = .
 *(.non_init .non_init.*)
                0x0000000020000eb8                __non_init_end__ = (__non_init_start__ + SIZEOF (.non_init))
                0x0000000000000000                __non_init_size__ = SIZEOF (.non_init)
                0x0000000020000eb8                __non_init_load_end__ = __non_init_end__
                0x0000000000000001                . = ASSERT (((__non_init_start__ == __non_init_end__) || ((__non_init_end__ - __RAM1_segment_start__) <= __RAM1_segment_size__)), error: .non_init is too large to fit in RAM1 memory segment)
                0x0000000020000eb8                __heap_load_start__ = ALIGN (__non_init_end__, 0x8)

.heap           0x0000000020000eb8      0x800
                0x0000000020000eb8                __heap_start__ = .
 *(.heap .heap.*)
                0x00000000200016b8                . = ALIGN (MAX ((__heap_start__ + __HEAPSIZE__), .), 0x8)
 *fill*         0x0000000020000eb8      0x800 
                0x00000000200016b8                __heap_end__ = (__heap_start__ + SIZEOF (.heap))
                0x0000000000000800                __heap_size__ = SIZEOF (.heap)
                0x00000000200016b8                __heap_load_end__ = __heap_end__
                0x0000000000000001                . = ASSERT (((__heap_start__ == __heap_end__) || ((__heap_end__ - __RAM1_segment_start__) <= __RAM1_segment_size__)), error: .heap is too large to fit in RAM1 memory segment)
                0x0000000000000001                . = ASSERT ((__HEAPSIZE__ == ALIGN (__HEAPSIZE__, 0x8)), error: .heap section size does not match alignment)
                0x0000000000000001                . = ASSERT ((__heap_size__ <= __HEAPSIZE__), error: .heap section is larger than specified size)
                0x00000000200016c0                __stack_load_start__ = ALIGN (__heap_end__, 0x10)

.stack          0x00000000200016c0      0x800
                0x00000000200016c0                __stack_start__ = .
 *(.stack .stack.*)
                0x0000000020001ec0                . = ALIGN (MAX ((__stack_start__ + __STACKSIZE__), .), 0x10)
 *fill*         0x00000000200016c0      0x800 
                0x0000000020001ec0                __stack_end__ = (__stack_start__ + SIZEOF (.stack))
                0x0000000000000800                __stack_size__ = SIZEOF (.stack)
                0x0000000020001ec0                __stack_load_end__ = __stack_end__
                0x0000000000000001                . = ASSERT (((__stack_start__ == __stack_end__) || ((__stack_end__ - __RAM1_segment_start__) <= __RAM1_segment_size__)), error: .stack is too large to fit in RAM1 memory segment)
                0x0000000000000001                . = ASSERT ((__STACKSIZE__ == ALIGN (__STACKSIZE__, 0x10)), error: .stack section size does not match alignment)
                0x0000000000000001                . = ASSERT ((__stack_size__ <= __STACKSIZE__), error: .stack section is larger than specified size)
                0x0000000020001ec0                __stack_el1_load_start__ = ALIGN (__stack_end__, 0x10)

.stack_el1      0x0000000020001ec0       0x80
                0x0000000020001ec0                __stack_el1_start__ = .
 *(.stack_el1 .stack_el1.*)
                0x0000000020001f40                . = ALIGN (MAX ((__stack_el1_start__ + 0x80), .), 0x10)
 *fill*         0x0000000020001ec0       0x80 
                0x0000000020001f40                __stack_el1_end__ = (__stack_el1_start__ + SIZEOF (.stack_el1))
                0x0000000000000080                __stack_el1_size__ = SIZEOF (.stack_el1)
                0x0000000020001f40                __stack_el1_load_end__ = __stack_el1_end__
                0x0000000000000001                . = ASSERT (((__stack_el1_start__ == __stack_el1_end__) || ((__stack_el1_end__ - __RAM1_segment_start__) <= __RAM1_segment_size__)), error: .stack_el1 is too large to fit in RAM1 memory segment)
                0x0000000000000001                . = ASSERT ((0x80 == ALIGN (0x80, 0x10)), error: .stack_el1 section size does not match alignment)
                0x0000000000000001                . = ASSERT ((__stack_el1_size__ <= 0x80), error: .stack_el1 section is larger than specified size)
                0x0000000020001f40                __tbss_load_start__ = ALIGN (__stack_el1_end__, 0x4)

.tbss           0x0000000020001f40        0x0
                0x0000000020001f40                __tbss_start__ = .
 *(.tbss .tbss.*)
                0x0000000020001f40                __tbss_end__ = (__tbss_start__ + SIZEOF (.tbss))
                0x0000000000000000                __tbss_size__ = SIZEOF (.tbss)
                0x0000000020001f40                __tbss_load_end__ = __tbss_end__
                0x0000000000000001                . = ASSERT (((__tbss_start__ == __tbss_end__) || ((__tbss_end__ - __RAM1_segment_start__) <= __RAM1_segment_size__)), error: .tbss is too large to fit in RAM1 memory segment)
                0x0000000020001f40                __tdata_load_start__ = ALIGN (__tbss_end__, 0x4)

.tdata          0x0000000020001f40        0x0
                0x0000000020001f40                __tdata_start__ = .
 *(.tdata .tdata.*)
                0x0000000020001f40                __tdata_end__ = (__tdata_start__ + SIZEOF (.tdata))
                0x0000000000000000                __tdata_size__ = SIZEOF (.tdata)
                0x0000000020001f40                __tdata_load_end__ = __tdata_end__
                0x0000000000000001                . = ASSERT (((__tdata_start__ == __tdata_end__) || ((__tdata_end__ - __RAM1_segment_start__) <= __RAM1_segment_size__)), error: .tdata is too large to fit in RAM1 memory segment)
                0x0000000020004000                __mmu_load_start__ = ALIGN (__tdata_end__, 0x4000)

.mmu            0x0000000020004000        0x0
                0x0000000020004000                __mmu_start__ = .
 *(.mmu .mmu.*)
                0x0000000020004000                __mmu_end__ = (__mmu_start__ + SIZEOF (.mmu))
                0x0000000000000000                __mmu_size__ = SIZEOF (.mmu)
                0x0000000020004000                __mmu_load_end__ = __mmu_end__
                0x0000000020004000                __RAM1_segment_used_end__ = (ALIGN (__tdata_end__, 0x4000) + SIZEOF (.mmu))
                0x0000000000004000                __RAM1_segment_used_size__ = (__RAM1_segment_used_end__ - __RAM1_segment_start__)
                0x0000000000000001                . = ASSERT (((__mmu_start__ == __mmu_end__) || ((__mmu_end__ - __RAM1_segment_start__) <= __RAM1_segment_size__)), error: .mmu is too large to fit in RAM1 memory segment)
                0x0000000000000800                __STACKSIZE__ = 0x800
                0x0000000000000800                __HEAPSIZE__ = 0x800
                0x0000000000000000                __SEGGER_RTL_vfprintf = __SEGGER_RTL_vfprintf_int_nwp
                0x0000000000000000                __SEGGER_RTL_vfscanf = __SEGGER_RTL_vfscanf_int
START GROUP
LOAD Output/Debug/Obj/Executable_2/ARM64_Startup.o
LOAD Output/Debug/Obj/Executable_2/ARM64_crt0.o
LOAD Output/Debug/Obj/Executable_2/main.o
LOAD D:/SEGGER_EmbeddedStudio/lib/libc_v8a_a64_le_balanced.a
LOAD D:/SEGGER_EmbeddedStudio/lib/prinops_semihost_v8a_a64_le_balanced.a
LOAD D:/SEGGER_EmbeddedStudio/lib/prinops_semihostformatted_v8a_a64_le_balanced.a
LOAD D:/SEGGER_EmbeddedStudio/lib/heapops_basic_v8a_a64_le_balanced.a
LOAD D:/SEGGER_EmbeddedStudio/lib/heapops_disable_interrupts_locking_v8a_a64_le_balanced.a
LOAD D:/SEGGER_EmbeddedStudio/lib/strops_unaligned_v8a_a64_le_balanced.a
LOAD D:/SEGGER_EmbeddedStudio/lib/mbops_timeops_v8a_a64_le_balanced.a
END GROUP
OUTPUT(C:/Users/DELL/Documents/SEGGER Embedded Studio Projects/Hello/../../../SEGGER_WorkSpace/Output/Debug/Exe/Executable_2.elf elf64-littleaarch64)
LOAD linker stubs

.debug_line     0x0000000000000000      0x2de
 .debug_line    0x0000000000000000       0xbd Output/Debug/Obj/Executable_2/ARM64_Startup.o
 .debug_line    0x00000000000000bd      0x10e Output/Debug/Obj/Executable_2/ARM64_crt0.o
 .debug_line    0x00000000000001cb      0x113 Output/Debug/Obj/Executable_2/main.o

.debug_info     0x0000000000000000       0xf3
 .debug_info    0x0000000000000000       0x39 Output/Debug/Obj/Executable_2/ARM64_Startup.o
 .debug_info    0x0000000000000039       0x22 Output/Debug/Obj/Executable_2/ARM64_crt0.o
 .debug_info    0x000000000000005b       0x98 Output/Debug/Obj/Executable_2/main.o

.debug_abbrev   0x0000000000000000       0xca
 .debug_abbrev  0x0000000000000000       0x28 Output/Debug/Obj/Executable_2/ARM64_Startup.o
 .debug_abbrev  0x0000000000000028       0x12 Output/Debug/Obj/Executable_2/ARM64_crt0.o
 .debug_abbrev  0x000000000000003a       0x90 Output/Debug/Obj/Executable_2/main.o

.debug_aranges  0x0000000000000000       0xd0
 .debug_aranges
                0x0000000000000000       0x30 Output/Debug/Obj/Executable_2/ARM64_Startup.o
 .debug_aranges
                0x0000000000000030       0x70 Output/Debug/Obj/Executable_2/ARM64_crt0.o
 .debug_aranges
                0x00000000000000a0       0x30 Output/Debug/Obj/Executable_2/main.o

.debug_str      0x0000000000000000     0x60e5
 .debug_str     0x0000000000000000     0x60e5 Output/Debug/Obj/Executable_2/ARM64_Startup.o
                                         0x71 (size before relaxing)
 .debug_str     0x00000000000060e5       0x60 Output/Debug/Obj/Executable_2/ARM64_crt0.o
 .debug_str     0x00000000000060e5     0x6080 Output/Debug/Obj/Executable_2/main.o

.debug_ranges   0x0000000000000000       0x90
 .debug_ranges  0x0000000000000000       0x70 Output/Debug/Obj/Executable_2/ARM64_crt0.o
 .debug_ranges  0x0000000000000070       0x20 Output/Debug/Obj/Executable_2/main.o

.debug_pubnames
                0x0000000000000000       0x26
 .debug_pubnames
                0x0000000000000000       0x26 Output/Debug/Obj/Executable_2/main.o

.debug_pubtypes
                0x0000000000000000       0x46
 .debug_pubtypes
                0x0000000000000000       0x46 Output/Debug/Obj/Executable_2/main.o

.debug_macro    0x0000000000000000     0x1390
 .debug_macro   0x0000000000000000       0x50 Output/Debug/Obj/Executable_2/main.o
 .debug_macro   0x0000000000000050      0xa8a Output/Debug/Obj/Executable_2/main.o
 .debug_macro   0x0000000000000ada       0x4c Output/Debug/Obj/Executable_2/main.o
 .debug_macro   0x0000000000000b26       0xae Output/Debug/Obj/Executable_2/main.o
 .debug_macro   0x0000000000000bd4      0x748 Output/Debug/Obj/Executable_2/main.o
 .debug_macro   0x000000000000131c       0x16 Output/Debug/Obj/Executable_2/main.o
 .debug_macro   0x0000000000001332       0x5e Output/Debug/Obj/Executable_2/main.o

.comment        0x0000000000000000       0x3d
 .comment       0x0000000000000000       0x3d Output/Debug/Obj/Executable_2/main.o
                                         0x3e (size before relaxing)
 .comment       0x000000000000003d       0x3e D:/SEGGER_EmbeddedStudio/lib/prinops_semihost_v8a_a64_le_balanced.a(SEGGER_SEMIHOST.o)
 .comment       0x000000000000003d       0x3e D:/SEGGER_EmbeddedStudio/lib/prinops_semihost_v8a_a64_le_balanced.a(SEGGER_SEMIHOST_Generic.o)
 .comment       0x000000000000003d       0x3e D:/SEGGER_EmbeddedStudio/lib/prinops_semihostformatted_v8a_a64_le_balanced.a
 .comment       0x000000000000003d       0x3e D:/SEGGER_EmbeddedStudio/lib/heapops_basic_v8a_a64_le_balanced.a(heapops_basic.o)

.debug_frame    0x0000000000000000       0x30
 .debug_frame   0x0000000000000000       0x30 Output/Debug/Obj/Executable_2/main.o
